Archive member included to satisfy reference by file (symbol)

/Users/Luca/src/vexilla/src/gcc-arm-none-eabi-5_4-2016q3/bin/../lib/gcc/arm-none-eabi/5.4.1/armv7-m/libgcc.a(_arm_addsubdf3.o)
                              bin/obj/vexprintf.o (__aeabi_dsub)
/Users/Luca/src/vexilla/src/gcc-arm-none-eabi-5_4-2016q3/bin/../lib/gcc/arm-none-eabi/5.4.1/armv7-m/libgcc.a(_arm_muldivdf3.o)
                              bin/obj/vexprintf.o (__aeabi_dmul)
/Users/Luca/src/vexilla/src/gcc-arm-none-eabi-5_4-2016q3/bin/../lib/gcc/arm-none-eabi/5.4.1/armv7-m/libgcc.a(_arm_cmpdf2.o)
                              bin/obj/vexprintf.o (__aeabi_dcmplt)
/Users/Luca/src/vexilla/src/gcc-arm-none-eabi-5_4-2016q3/bin/../lib/gcc/arm-none-eabi/5.4.1/armv7-m/libgcc.a(_arm_fixdfsi.o)
                              bin/obj/smartmotor.o (__aeabi_d2iz)
/Users/Luca/src/vexilla/src/gcc-arm-none-eabi-5_4-2016q3/bin/../lib/gcc/arm-none-eabi/5.4.1/armv7-m/libgcc.a(_arm_fixunsdfsi.o)
                              bin/obj/vexprintf.o (__aeabi_d2uiz)
/Users/Luca/src/vexilla/src/gcc-arm-none-eabi-5_4-2016q3/bin/../lib/gcc/arm-none-eabi/5.4.1/armv7-m/libgcc.a(_arm_truncdfsf2.o)
                              bin/obj/smartmotor.o (__aeabi_d2f)
/Users/Luca/src/vexilla/src/gcc-arm-none-eabi-5_4-2016q3/bin/../lib/gcc/arm-none-eabi/5.4.1/armv7-m/libgcc.a(_arm_addsubsf3.o)
                              bin/obj/smartmotor.o (__aeabi_fsub)
/Users/Luca/src/vexilla/src/gcc-arm-none-eabi-5_4-2016q3/bin/../lib/gcc/arm-none-eabi/5.4.1/armv7-m/libgcc.a(_arm_muldivsf3.o)
                              bin/obj/vexaudio.o (__aeabi_fmul)
/Users/Luca/src/vexilla/src/gcc-arm-none-eabi-5_4-2016q3/bin/../lib/gcc/arm-none-eabi/5.4.1/armv7-m/libgcc.a(_arm_cmpsf2.o)
                              bin/obj/smartmotor.o (__aeabi_fcmpeq)
/Users/Luca/src/vexilla/src/gcc-arm-none-eabi-5_4-2016q3/bin/../lib/gcc/arm-none-eabi/5.4.1/armv7-m/libgcc.a(_arm_fixsfsi.o)
                              bin/obj/smartmotor.o (__aeabi_f2iz)
/Users/Luca/src/vexilla/src/gcc-arm-none-eabi-5_4-2016q3/bin/../lib/gcc/arm-none-eabi/5.4.1/armv7-m/libgcc.a(_arm_fixunssfsi.o)
                              bin/obj/vexaudio.o (__aeabi_f2uiz)
/Users/Luca/src/vexilla/src/gcc-arm-none-eabi-5_4-2016q3/bin/../lib/gcc/arm-none-eabi/5.4.1/../../../../arm-none-eabi/lib/armv7-m/libc.a(lib_a-atoi.o)
                              bin/obj/vexmotor.o (atoi)
/Users/Luca/src/vexilla/src/gcc-arm-none-eabi-5_4-2016q3/bin/../lib/gcc/arm-none-eabi/5.4.1/../../../../arm-none-eabi/lib/armv7-m/libc.a(lib_a-memset.o)
                              bin/obj/syscalls.o (memset)
/Users/Luca/src/vexilla/src/gcc-arm-none-eabi-5_4-2016q3/bin/../lib/gcc/arm-none-eabi/5.4.1/../../../../arm-none-eabi/lib/armv7-m/libc.a(lib_a-strcasecmp.o)
                              bin/obj/vexshell.o (strcasecmp)
/Users/Luca/src/vexilla/src/gcc-arm-none-eabi-5_4-2016q3/bin/../lib/gcc/arm-none-eabi/5.4.1/../../../../arm-none-eabi/lib/armv7-m/libc.a(lib_a-strchr.o)
                              bin/obj/vexshell.o (strchr)
/Users/Luca/src/vexilla/src/gcc-arm-none-eabi-5_4-2016q3/bin/../lib/gcc/arm-none-eabi/5.4.1/../../../../arm-none-eabi/lib/armv7-m/libc.a(lib_a-strncpy.o)
                              bin/obj/vexlcd.o (strncpy)
/Users/Luca/src/vexilla/src/gcc-arm-none-eabi-5_4-2016q3/bin/../lib/gcc/arm-none-eabi/5.4.1/../../../../arm-none-eabi/lib/armv7-m/libc.a(lib_a-strspn.o)
                              bin/obj/vexshell.o (strspn)
/Users/Luca/src/vexilla/src/gcc-arm-none-eabi-5_4-2016q3/bin/../lib/gcc/arm-none-eabi/5.4.1/../../../../arm-none-eabi/lib/armv7-m/libc.a(lib_a-strtol.o)
                              /Users/Luca/src/vexilla/src/gcc-arm-none-eabi-5_4-2016q3/bin/../lib/gcc/arm-none-eabi/5.4.1/../../../../arm-none-eabi/lib/armv7-m/libc.a(lib_a-atoi.o) (_strtol_r)
/Users/Luca/src/vexilla/src/gcc-arm-none-eabi-5_4-2016q3/bin/../lib/gcc/arm-none-eabi/5.4.1/../../../../arm-none-eabi/lib/armv7-m/libc.a(lib_a-impure.o)
                              /Users/Luca/src/vexilla/src/gcc-arm-none-eabi-5_4-2016q3/bin/../lib/gcc/arm-none-eabi/5.4.1/../../../../arm-none-eabi/lib/armv7-m/libc.a(lib_a-strtol.o) (_impure_ptr)
/Users/Luca/src/vexilla/src/gcc-arm-none-eabi-5_4-2016q3/bin/../lib/gcc/arm-none-eabi/5.4.1/../../../../arm-none-eabi/lib/armv7-m/libc.a(lib_a-locale.o)
                              /Users/Luca/src/vexilla/src/gcc-arm-none-eabi-5_4-2016q3/bin/../lib/gcc/arm-none-eabi/5.4.1/../../../../arm-none-eabi/lib/armv7-m/libc.a(lib_a-strtol.o) (__locale_ctype_ptr_l)
/Users/Luca/src/vexilla/src/gcc-arm-none-eabi-5_4-2016q3/bin/../lib/gcc/arm-none-eabi/5.4.1/../../../../arm-none-eabi/lib/armv7-m/libc.a(lib_a-mbtowc_r.o)
                              /Users/Luca/src/vexilla/src/gcc-arm-none-eabi-5_4-2016q3/bin/../lib/gcc/arm-none-eabi/5.4.1/../../../../arm-none-eabi/lib/armv7-m/libc.a(lib_a-locale.o) (__ascii_mbtowc)
[...]
Memory Configuration

Name             Origin             Length             Attributes
flash            0x0000000008000000 0x0000000000060000
ram              0x0000000020000000 0x0000000000010000
*default*        0x0000000000000000 0xffffffffffffffff

Linker script and memory map

LOAD bin/obj/crt0.o
LOAD bin/obj/vectors.o
LOAD bin/obj/chcore.o
LOAD bin/obj/chcore_v7m.o
LOAD bin/obj/nvic.o
LOAD bin/obj/chsys.o
LOAD bin/obj/chdebug.o
LOAD bin/obj/chlists.o
LOAD bin/obj/chvt.o
LOAD bin/obj/chschd.o
LOAD bin/obj/chthreads.o
LOAD bin/obj/chdynamic.o
LOAD bin/obj/chregistry.o
LOAD bin/obj/chsem.o
LOAD bin/obj/chmtx.o
LOAD bin/obj/chcond.o
LOAD bin/obj/chevents.o
LOAD bin/obj/chmsg.o
LOAD bin/obj/chmboxes.o
LOAD bin/obj/chqueues.o
LOAD bin/obj/chmemcore.o
LOAD bin/obj/chheap.o
LOAD bin/obj/chmempools.o
LOAD bin/obj/hal.o
LOAD bin/obj/adc.o
LOAD bin/obj/can.o
LOAD bin/obj/ext.o
LOAD bin/obj/gpt.o
LOAD bin/obj/i2c.o
LOAD bin/obj/icu.o
LOAD bin/obj/mac.o
LOAD bin/obj/mmc_spi.o
LOAD bin/obj/mmcsd.o
LOAD bin/obj/pal.o
LOAD bin/obj/pwm.o
LOAD bin/obj/rtc.o
LOAD bin/obj/sdc.o
LOAD bin/obj/serial.o
LOAD bin/obj/serial_usb.o
LOAD bin/obj/spi.o
LOAD bin/obj/tm.o
LOAD bin/obj/uart.o
LOAD bin/obj/usb.o
LOAD bin/obj/stm32_dma.o
LOAD bin/obj/hal_lld.o
LOAD bin/obj/adc_lld.o
LOAD bin/obj/ext_lld_isr.o
LOAD bin/obj/can_lld.o
LOAD bin/obj/ext_lld.o
LOAD bin/obj/mac_lld.o
LOAD bin/obj/sdc_lld.o
LOAD bin/obj/pal_lld.o
LOAD bin/obj/i2c_lld.o
LOAD bin/obj/rtc_lld.o
LOAD bin/obj/spi_lld.o
LOAD bin/obj/gpt_lld.o
LOAD bin/obj/icu_lld.o
LOAD bin/obj/pwm_lld.o
LOAD bin/obj/serial_lld.o
LOAD bin/obj/uart_lld.o
LOAD bin/obj/usb_lld.o
LOAD bin/obj/board.o
LOAD bin/obj/evtimer.o
LOAD bin/obj/syscalls.o
LOAD bin/obj/chprintf.o
LOAD bin/obj/vexshell.o
LOAD bin/obj/vexcortex.o
LOAD bin/obj/vexdigital.o
LOAD bin/obj/vexconfig.o
LOAD bin/obj/vexext.o
LOAD bin/obj/vexencoder.o
LOAD bin/obj/vexsonar.o
LOAD bin/obj/vexmotor.o
LOAD bin/obj/vexspi.o
LOAD bin/obj/vexlcd.o
LOAD bin/obj/vexanalog.o
LOAD bin/obj/vexctl.o
LOAD bin/obj/vexime.o
LOAD bin/obj/vexprintf.o
LOAD bin/obj/vexaudio.o
LOAD bin/obj/vexrttl.o
LOAD bin/obj/vexsensor.o
LOAD bin/obj/vexbkup.o
LOAD bin/obj/vextest.o
LOAD bin/obj/robotc_glue.o
LOAD bin/obj/smartmotor.o
LOAD bin/obj/apollo.o
LOAD bin/obj/pidlib.o
LOAD bin/obj/vexgyro.o
LOAD bin/obj/vexflash.o
LOAD bin/obj/stm32_flash.o
LOAD bin/obj/vexuser.o
LOAD bin/obj/main.o
LOAD /Users/Luca/src/vexilla/src/gcc-arm-none-eabi-5_4-2016q3/bin/../lib/gcc/arm-none-eabi/5.4.1/../../../../arm-none-eabi/lib/armv7-m/libm.a
START GROUP
LOAD /Users/Luca/src/vexilla/src/gcc-arm-none-eabi-5_4-2016q3/bin/../lib/gcc/arm-none-eabi/5.4.1/armv7-m/libgcc.a
LOAD /Users/Luca/src/vexilla/src/gcc-arm-none-eabi-5_4-2016q3/bin/../lib/gcc/arm-none-eabi/5.4.1/../../../../arm-none-eabi/lib/armv7-m/libc.a
END GROUP
                0x0000000000000400                __main_stack_size__ = 0x400
                0x0000000000000400                __process_stack_size__ = 0x400
                0x0000000020000000                __ram_start__ = ORIGIN (ram)
                0x0000000000010000                __ram_size__ = LENGTH (ram)
                0x0000000020010000                __ram_end__ = (__ram_start__ + __ram_size__)
                0x0000000000000000                . = 0x0
                0x0000000000000000                _text = .

startup         0x0000000008000000      0x130
 *(vectors)
 vectors        0x0000000008000000      0x130 bin/obj/vectors.o
                0x0000000008000000                _vectors

constructors    0x0000000008000130        0x0
                0x0000000008000130                PROVIDE (__init_array_start, .)
 *(SORT(.init_array.*))
 *(.init_array)
                0x0000000008000130                PROVIDE (__init_array_end, .)

destructors     0x0000000008000130        0x0
                0x0000000008000130                PROVIDE (__fini_array_start, .)
 *(.fini_array)
 *(SORT(.fini_array.*))
                0x0000000008000130                PROVIDE (__fini_array_end, .)

.text           0x0000000008000130     0x9471
 *(.text.startup.*)
 .text.startup.main
                0x0000000008000130       0x60 bin/obj/main.o
                0x0000000008000130                main
 *(.text)
 .text          0x0000000008000190      0x370 /Users/Luca/src/vexilla/src/gcc-arm-none-eabi-5_4-2016q3/bin/../lib/gcc/arm-none-eabi/5.4.1/armv7-m/libgcc.a(_arm_addsubdf3.o)
                0x0000000008000190                __aeabi_drsub
                0x0000000008000198                __subdf3
                0x0000000008000198                __aeabi_dsub
                0x000000000800019c                __aeabi_dadd
                0x000000000800019c                __adddf3
                0x0000000008000414                __aeabi_ui2d
                0x0000000008000414                __floatunsidf
                0x0000000008000434                __floatsidf
                0x0000000008000434                __aeabi_i2d
                0x0000000008000458                __extendsfdf2
                0x0000000008000458                __aeabi_f2d
                0x0000000008000494                __aeabi_ul2d
                0x0000000008000494                __floatundidf
                0x00000000080004a4                __aeabi_l2d
                0x00000000080004a4                __floatdidf
 .text          0x0000000008000500      0x424 /Users/Luca/src/vexilla/src/gcc-arm-none-eabi-5_4-2016q3/bin/../lib/gcc/arm-none-eabi/5.4.1/armv7-m/libgcc.a(_arm_muldivdf3.o)
                0x0000000008000500                __aeabi_dmul
                0x0000000008000500                __muldf3
                0x0000000008000754                __aeabi_ddiv
                0x0000000008000754                __divdf3
 *fill*         0x0000000008000924        0xc 
 .text          0x0000000008000930      0x110 /Users/Luca/src/vexilla/src/gcc-arm-none-eabi-5_4-2016q3/bin/../lib/gcc/arm-none-eabi/5.4.1/armv7-m/libgcc.a(_arm_cmpdf2.o)
                0x0000000008000930                __gtdf2
                0x0000000008000930                __gedf2
                0x0000000008000938                __ltdf2
                0x0000000008000938                __ledf2
                0x0000000008000940                __eqdf2
                0x0000000008000940                __nedf2
                0x0000000008000940                __cmpdf2
                0x00000000080009bc                __aeabi_cdrcmple
                0x00000000080009cc                __aeabi_cdcmple
                0x00000000080009cc                __aeabi_cdcmpeq
                0x00000000080009dc                __aeabi_dcmpeq
                0x00000000080009f0                __aeabi_dcmplt
                0x0000000008000a04                __aeabi_dcmple
                0x0000000008000a18                __aeabi_dcmpge
                0x0000000008000a2c                __aeabi_dcmpgt
 .text          0x0000000008000a40       0x40 /Users/Luca/src/vexilla/src/gcc-arm-none-eabi-5_4-2016q3/bin/../lib/gcc/arm-none-eabi/5.4.1/armv7-m/libgcc.a(_arm_fixunsdfsi.o)
                0x0000000008000a40                __fixunsdfsi
                0x0000000008000a40                __aeabi_d2uiz
 .text          0x0000000008000a80       0x4c /Users/Luca/src/vexilla/src/gcc-arm-none-eabi-5_4-2016q3/bin/../lib/gcc/arm-none-eabi/5.4.1/armv7-m/libgcc.a(_arm_fixsfsi.o)
                0x0000000008000a80                __fixsfsi
                0x0000000008000a80                __aeabi_f2iz
 *(.text.*)
 *fill*         0x0000000008000acc        0x4 
 .text.__late_init
                0x0000000008000ad0        0x4 bin/obj/crt0.o
                0x0000000008000ad0                __late_init
 *fill*         0x0000000008000ad4        0xc 
 .text._default_exit
                0x0000000008000ae0        0x4 bin/obj/crt0.o
                0x0000000008000ae0                _default_exit
 *fill*         0x0000000008000ae4        0xc 
 .text.ResetHandler
                0x0000000008000af0      0x104 bin/obj/crt0.o
                0x0000000008000af0                ResetHandler
 *fill*         0x0000000008000bf4        0xc 
 .text._unhandled_exception
                0x0000000008000c00        0x4 bin/obj/vectors.o
                0x0000000008000c00                Vector20
                0x0000000008000c00                NMIVector
                0x0000000008000c00                Vector11C
                0x0000000008000c00                Vector8C
                0x0000000008000c00                Vector110
                0x0000000008000c00                VectorC8
                0x0000000008000c00                Vector94
                0x0000000008000c00                VectorA8
                0x0000000008000c00                VectorB4
                0x0000000008000c00                VectorEC
                0x0000000008000c00                UsageFaultVector
                0x0000000008000c00                DebugMonitorVector
                0x0000000008000c00                Vector40
                0x0000000008000c00                VectorF8
                0x0000000008000c00                PendSVVector
                0x0000000008000c00                Vector118
                0x0000000008000c00                VectorCC
                0x0000000008000c00                Vector54
                0x0000000008000c00                Vector98
                0x0000000008000c00                Vector24
                0x0000000008000c00                BusFaultVector
                0x0000000008000c00                VectorD0
                0x0000000008000c00                HardFaultVector
                0x0000000008000c00                VectorF0
                0x0000000008000c00                Vector100
                0x0000000008000c00                VectorF4
                0x0000000008000c00                MemManageVector
                0x0000000008000c00                VectorA0
                0x0000000008000c00                VectorC4
                0x0000000008000c00                Vector90
                0x0000000008000c00                Vector114
                0x0000000008000c00                Vector1C
                0x0000000008000c00                Vector48
                0x0000000008000c00                Vector4C
                0x0000000008000c00                _unhandled_exception
                0x0000000008000c00                Vector88
                0x0000000008000c00                Vector104
                0x0000000008000c00                Vector10C
                0x0000000008000c00                Vector50
                0x0000000008000c00                Vector28
                0x0000000008000c00                VectorFC
                0x0000000008000c00                Vector34
                0x0000000008000c00                VectorAC
 *fill*         0x0000000008000c04        0xc 
 .text.port_halt
                0x0000000008000c10        0x4 bin/obj/chcore.o
                0x0000000008000c10                port_halt
 *fill*         0x0000000008000c14        0xc 
 .text._port_switch_from_isr
                0x0000000008000c20        0x8 bin/obj/chcore_v7m.o
                0x0000000008000c20                _port_switch_from_isr
 *fill*         0x0000000008000c28        0x8 
 .text.SVCallVector
                0x0000000008000c30       0x14 bin/obj/chcore_v7m.o
                0x0000000008000c30                SVCallVector
 *fill*         0x0000000008000c44        0xc 
 .text._port_init
                0x0000000008000c50       0x30 bin/obj/chcore_v7m.o
                0x0000000008000c50                _port_init
 .text._port_irq_epilogue
                0x0000000008000c80       0x74 bin/obj/chcore_v7m.o
                0x0000000008000c80                _port_irq_epilogue
 *fill*         0x0000000008000cf4        0xc 
 .text.SysTickVector
                0x0000000008000d00       0x1c bin/obj/chcore_v7m.o
                0x0000000008000d00                SysTickVector
 *fill*         0x0000000008000d1c        0x4 
 .text._port_switch
                0x0000000008000d20       0x10 bin/obj/chcore_v7m.o
                0x0000000008000d20                _port_switch
 .text._port_thread_start
                0x0000000008000d30       0x10 bin/obj/chcore_v7m.o
                0x0000000008000d30                _port_thread_start
 .text.nvicEnableVector
                0x0000000008000d40       0x48 bin/obj/nvic.o
                0x0000000008000d40                nvicEnableVector
 *fill*         0x0000000008000d88        0x8 
 .text.nvicDisableVector
                0x0000000008000d90       0x40 bin/obj/nvic.o
                0x0000000008000d90                nvicDisableVector
 .text.nvicSetSystemHandlerPriority
                0x0000000008000dd0       0x28 bin/obj/nvic.o
                0x0000000008000dd0                nvicSetSystemHandlerPriority
 *fill*         0x0000000008000df8        0x8 
 .text._idle_thread
                0x0000000008000e00       0x14 bin/obj/chsys.o
                0x0000000008000e00                _idle_thread
 *fill*         0x0000000008000e14        0xc 
 .text.chSysInit
                0x0000000008000e20       0x60 bin/obj/chsys.o
                0x0000000008000e20                chSysInit
 .text.chSysTimerHandlerI
                0x0000000008000e80       0x58 bin/obj/chsys.o
                0x0000000008000e80                chSysTimerHandlerI
 *fill*         0x0000000008000ed8        0x8 
 .text._vt_init
                0x0000000008000ee0       0x18 bin/obj/chvt.o
                0x0000000008000ee0                _vt_init
 *fill*         0x0000000008000ef8        0x8 
 .text.chVTSetI
                0x0000000008000f00       0x38 bin/obj/chvt.o
                0x0000000008000f00                chVTSetI
 *fill*         0x0000000008000f38        0x8 
 .text.chVTResetI
                0x0000000008000f40       0x24 bin/obj/chvt.o
                0x0000000008000f40                chVTResetI
 *fill*         0x0000000008000f64        0xc 
 .text.wakeup   0x0000000008000f70       0x6c bin/obj/chschd.o
 *fill*         0x0000000008000fdc        0x4 
 .text._scheduler_init
                0x0000000008000fe0       0x14 bin/obj/chschd.o
                0x0000000008000fe0                _scheduler_init
 *fill*         0x0000000008000ff4        0xc 
 .text.chSchReadyI
                0x0000000008001000       0x28 bin/obj/chschd.o
                0x0000000008001000                chSchReadyI
 *fill*         0x0000000008001028        0x8 
 .text.chSchGoSleepS
                0x0000000008001030       0x28 bin/obj/chschd.o
                0x0000000008001030                chSchGoSleepS
 *fill*         0x0000000008001058        0x8 
 .text.chSchGoSleepTimeoutS
                0x0000000008001060       0x44 bin/obj/chschd.o
                0x0000000008001060                chSchGoSleepTimeoutS
 *fill*         0x00000000080010a4        0xc 
 .text.chSchWakeupS
                0x00000000080010b0       0x58 bin/obj/chschd.o
                0x00000000080010b0                chSchWakeupS
 *fill*         0x0000000008001108        0x8 
 .text.chSchDoRescheduleBehind
                0x0000000008001110       0x40 bin/obj/chschd.o
                0x0000000008001110                chSchDoRescheduleBehind
 .text.chSchDoRescheduleAhead
                0x0000000008001150       0x3c bin/obj/chschd.o
                0x0000000008001150                chSchDoRescheduleAhead
 *fill*         0x000000000800118c        0x4 
 .text.chSchDoReschedule
                0x0000000008001190       0x14 bin/obj/chschd.o
                0x0000000008001190                chSchDoReschedule
 *fill*         0x00000000080011a4        0xc 
 .text._thread_init
                0x00000000080011b0       0x44 bin/obj/chthreads.o
                0x00000000080011b0                _thread_init
 *fill*         0x00000000080011f4        0xc 
 .text.chThdCreateI
                0x0000000008001200       0x58 bin/obj/chthreads.o
                0x0000000008001200                chThdCreateI
 *fill*         0x0000000008001258        0x8 
 .text.chThdCreateStatic
                0x0000000008001260       0x74 bin/obj/chthreads.o
                0x0000000008001260                chThdCreateStatic
 *fill*         0x00000000080012d4        0xc 
 .text.chThdSleep
                0x00000000080012e0       0x18 bin/obj/chthreads.o
                0x00000000080012e0                chThdSleep
 *fill*         0x00000000080012f8        0x8 
 .text.chThdSleepUntil
                0x0000000008001300       0x24 bin/obj/chthreads.o
                0x0000000008001300                chThdSleepUntil
 *fill*         0x0000000008001324        0xc 
 .text.chThdExitS
                0x0000000008001330       0x40 bin/obj/chthreads.o
                0x0000000008001330                chThdExitS
 .text.chThdExit
                0x0000000008001370        0xc bin/obj/chthreads.o
                0x0000000008001370                chThdExit
 *fill*         0x000000000800137c        0x4 
 .text.chThdWait
                0x0000000008001380       0x38 bin/obj/chthreads.o
                0x0000000008001380                chThdWait
 *fill*         0x00000000080013b8        0x8 
 .text.chThdRelease
                0x00000000080013c0       0x50 bin/obj/chdynamic.o
                0x00000000080013c0                chThdRelease
 .text.chThdCreateFromHeap
                0x0000000008001410       0x3c bin/obj/chdynamic.o
                0x0000000008001410                chThdCreateFromHeap
 *fill*         0x000000000800144c        0x4 
 .text.chRegFirstThread
                0x0000000008001450       0x1c bin/obj/chregistry.o
                0x0000000008001450                chRegFirstThread
 *fill*         0x000000000800146c        0x4 
 .text.chRegNextThread
                0x0000000008001470       0x2c bin/obj/chregistry.o
                0x0000000008001470                chRegNextThread
 *fill*         0x000000000800149c        0x4 
 .text.chMtxInit
                0x00000000080014a0        0xc bin/obj/chmtx.o
                0x00000000080014a0                chMtxInit
 *fill*         0x00000000080014ac        0x4 
 .text.chMtxLockS
                0x00000000080014b0       0xc8 bin/obj/chmtx.o
                0x00000000080014b0                chMtxLockS
 *fill*         0x0000000008001578        0x8 
 .text.chMtxLock
                0x0000000008001580       0x14 bin/obj/chmtx.o
                0x0000000008001580                chMtxLock
 *fill*         0x0000000008001594        0xc 
 .text.chMtxUnlock
                0x00000000080015a0       0x64 bin/obj/chmtx.o
                0x00000000080015a0                chMtxUnlock
 *fill*         0x0000000008001604        0xc 
 .text.chEvtRegisterMask
                0x0000000008001610       0x28 bin/obj/chevents.o
                0x0000000008001610                chEvtRegisterMask
 *fill*         0x0000000008001638        0x8 
 .text.chEvtUnregister
                0x0000000008001640       0x2c bin/obj/chevents.o
                0x0000000008001640                chEvtUnregister
 *fill*         0x000000000800166c        0x4 
 .text.chEvtSignalI
                0x0000000008001670       0x2c bin/obj/chevents.o
                0x0000000008001670                chEvtSignalI
 *fill*         0x000000000800169c        0x4 
 .text.chEvtBroadcastFlagsI
                0x00000000080016a0       0x24 bin/obj/chevents.o
                0x00000000080016a0                chEvtBroadcastFlagsI
 *fill*         0x00000000080016c4        0xc 
 .text.chEvtWaitAnyTimeout
                0x00000000080016d0       0x54 bin/obj/chevents.o
                0x00000000080016d0                chEvtWaitAnyTimeout
 *fill*         0x0000000008001724        0xc 
 .text.qwait    0x0000000008001730       0x28 bin/obj/chqueues.o
 *fill*         0x0000000008001758        0x8 
 .text.chIQInit
                0x0000000008001760       0x20 bin/obj/chqueues.o
                0x0000000008001760                chIQInit
 .text.chIQResetI
                0x0000000008001780       0x2c bin/obj/chqueues.o
                0x0000000008001780                chIQResetI
 *fill*         0x00000000080017ac        0x4 
 .text.chIQPutI
                0x00000000080017b0       0x54 bin/obj/chqueues.o
                0x00000000080017b0                chIQPutI
 *fill*         0x0000000008001804        0xc 
 .text.chIQGetTimeout
                0x0000000008001810       0x50 bin/obj/chqueues.o
                0x0000000008001810                chIQGetTimeout
 .text.chIQReadTimeout
                0x0000000008001860       0x70 bin/obj/chqueues.o
                0x0000000008001860                chIQReadTimeout
 .text.chOQInit
                0x00000000080018d0       0x1c bin/obj/chqueues.o
                0x00000000080018d0                chOQInit
 *fill*         0x00000000080018ec        0x4 
 .text.chOQPutTimeout
                0x00000000080018f0       0x54 bin/obj/chqueues.o
                0x00000000080018f0                chOQPutTimeout
 *fill*         0x0000000008001944        0xc 
 .text.chOQGetI
                0x0000000008001950       0x48 bin/obj/chqueues.o
                0x0000000008001950                chOQGetI
 *fill*         0x0000000008001998        0x8 
 .text.chOQWriteTimeout
                0x00000000080019a0       0x80 bin/obj/chqueues.o
                0x00000000080019a0                chOQWriteTimeout
 .text._core_init
                0x0000000008001a20       0x28 bin/obj/chmemcore.o
                0x0000000008001a20                _core_init
 *fill*         0x0000000008001a48        0x8 
 .text.chCoreAlloc
                0x0000000008001a50       0x38 bin/obj/chmemcore.o
                0x0000000008001a50                chCoreAlloc
 *fill*         0x0000000008001a88        0x8 
 .text.chCoreStatus
                0x0000000008001a90       0x14 bin/obj/chmemcore.o
                0x0000000008001a90                chCoreStatus
 *fill*         0x0000000008001aa4        0xc 
 .text._heap_init
                0x0000000008001ab0       0x1c bin/obj/chheap.o
                0x0000000008001ab0                _heap_init
 *fill*         0x0000000008001acc        0x4 
 .text.chHeapAlloc
                0x0000000008001ad0       0x80 bin/obj/chheap.o
                0x0000000008001ad0                chHeapAlloc
 .text.chHeapFree
                0x0000000008001b50       0x94 bin/obj/chheap.o
                0x0000000008001b50                chHeapFree
 *fill*         0x0000000008001be4        0xc 
 .text.chHeapStatus
                0x0000000008001bf0       0x40 bin/obj/chheap.o
                0x0000000008001bf0                chHeapStatus
 .text.chPoolFree
                0x0000000008001c30       0x14 bin/obj/chmempools.o
                0x0000000008001c30                chPoolFree
 *fill*         0x0000000008001c44        0xc 
 .text.halInit  0x0000000008001c50       0x34 bin/obj/hal.o
                0x0000000008001c50                halInit
 *fill*         0x0000000008001c84        0xc 
 .text.adcInit  0x0000000008001c90        0x4 bin/obj/adc.o
                0x0000000008001c90                adcInit
 *fill*         0x0000000008001c94        0xc 
 .text.adcObjectInit
                0x0000000008001ca0       0x18 bin/obj/adc.o
                0x0000000008001ca0                adcObjectInit
 *fill*         0x0000000008001cb8        0x8 
 .text.adcStart
                0x0000000008001cc0       0x1c bin/obj/adc.o
                0x0000000008001cc0                adcStart
 *fill*         0x0000000008001cdc        0x4 
 .text.adcStartConversion
                0x0000000008001ce0       0x20 bin/obj/adc.o
                0x0000000008001ce0                adcStartConversion
 .text.extInit  0x0000000008001d00        0x4 bin/obj/ext.o
                0x0000000008001d00                extInit
 *fill*         0x0000000008001d04        0xc 
 .text.extObjectInit
                0x0000000008001d10        0xc bin/obj/ext.o
                0x0000000008001d10                extObjectInit
 *fill*         0x0000000008001d1c        0x4 
 .text.extStart
                0x0000000008001d20       0x1c bin/obj/ext.o
                0x0000000008001d20                extStart
 *fill*         0x0000000008001d3c        0x4 
 .text.extChannelEnable
                0x0000000008001d40       0x14 bin/obj/ext.o
                0x0000000008001d40                extChannelEnable
 *fill*         0x0000000008001d54        0xc 
 .text.gptInit  0x0000000008001d60        0x4 bin/obj/gpt.o
                0x0000000008001d60                gptInit
 *fill*         0x0000000008001d64        0xc 
 .text.gptObjectInit
                0x0000000008001d70        0xc bin/obj/gpt.o
                0x0000000008001d70                gptObjectInit
 *fill*         0x0000000008001d7c        0x4 
 .text.gptStart
                0x0000000008001d80       0x1c bin/obj/gpt.o
                0x0000000008001d80                gptStart
 *fill*         0x0000000008001d9c        0x4 
 .text.gptStartOneShot
                0x0000000008001da0       0x18 bin/obj/gpt.o
                0x0000000008001da0                gptStartOneShot
 *fill*         0x0000000008001db8        0x8 
 .text.gptStartOneShotI
                0x0000000008001dc0        0x8 bin/obj/gpt.o
                0x0000000008001dc0                gptStartOneShotI
 *fill*         0x0000000008001dc8        0x8 
 .text.i2cInit  0x0000000008001dd0        0x4 bin/obj/i2c.o
                0x0000000008001dd0                i2cInit
 *fill*         0x0000000008001dd4        0xc 
 .text.i2cObjectInit
                0x0000000008001de0       0x10 bin/obj/i2c.o
                0x0000000008001de0                i2cObjectInit
 .text.i2cStart
                0x0000000008001df0       0x1c bin/obj/i2c.o
                0x0000000008001df0                i2cStart
 *fill*         0x0000000008001e0c        0x4 
 .text.i2cStop  0x0000000008001e10       0x1c bin/obj/i2c.o
                0x0000000008001e10                i2cStop
 *fill*         0x0000000008001e2c        0x4 
 .text.i2cGetErrors
                0x0000000008001e30        0x4 bin/obj/i2c.o
                0x0000000008001e30                i2cGetErrors
 *fill*         0x0000000008001e34        0xc 
 .text.i2cMasterTransmitTimeout
                0x0000000008001e40       0x44 bin/obj/i2c.o
                0x0000000008001e40                i2cMasterTransmitTimeout
 *fill*         0x0000000008001e84        0xc 
 .text.i2cAcquireBus
                0x0000000008001e90        0x8 bin/obj/i2c.o
                0x0000000008001e90                i2cAcquireBus
 *fill*         0x0000000008001e98        0x8 
 .text.i2cReleaseBus
                0x0000000008001ea0        0x4 bin/obj/i2c.o
                0x0000000008001ea0                i2cReleaseBus
 *fill*         0x0000000008001ea4        0xc 
 .text.readt    0x0000000008001eb0        0x8 bin/obj/serial.o
 *fill*         0x0000000008001eb8        0x8 
 .text.read     0x0000000008001ec0        0xc bin/obj/serial.o
 *fill*         0x0000000008001ecc        0x4 
 .text.writet   0x0000000008001ed0        0x8 bin/obj/serial.o
 *fill*         0x0000000008001ed8        0x8 
 .text.write    0x0000000008001ee0        0xc bin/obj/serial.o
 *fill*         0x0000000008001eec        0x4 
 .text.gett     0x0000000008001ef0        0x8 bin/obj/serial.o
 *fill*         0x0000000008001ef8        0x8 
 .text.get      0x0000000008001f00        0xc bin/obj/serial.o
 *fill*         0x0000000008001f0c        0x4 
 .text.putt     0x0000000008001f10        0x8 bin/obj/serial.o
 *fill*         0x0000000008001f18        0x8 
 .text.put      0x0000000008001f20        0xc bin/obj/serial.o
 *fill*         0x0000000008001f2c        0x4 
 .text.sdInit   0x0000000008001f30        0x4 bin/obj/serial.o
                0x0000000008001f30                sdInit
 *fill*         0x0000000008001f34        0xc 
 .text.sdObjectInit
                0x0000000008001f40       0x40 bin/obj/serial.o
                0x0000000008001f40                sdObjectInit
 .text.sdStart  0x0000000008001f80       0x1c bin/obj/serial.o
                0x0000000008001f80                sdStart
 *fill*         0x0000000008001f9c        0x4 
 .text.sdIncomingDataI
                0x0000000008001fa0       0x3c bin/obj/serial.o
                0x0000000008001fa0                sdIncomingDataI
 *fill*         0x0000000008001fdc        0x4 
 .text.spiInit  0x0000000008001fe0        0x4 bin/obj/spi.o
                0x0000000008001fe0                spiInit
 *fill*         0x0000000008001fe4        0xc 
 .text.spiObjectInit
                0x0000000008001ff0       0x10 bin/obj/spi.o
                0x0000000008001ff0                spiObjectInit
 .text.spiStart
                0x0000000008002000       0x1c bin/obj/spi.o
                0x0000000008002000                spiStart
 *fill*         0x000000000800201c        0x4 
 .text.tm_start
                0x0000000008002020        0xc bin/obj/tm.o
 *fill*         0x000000000800202c        0x4 
 .text.tm_stop  0x0000000008002030       0x2c bin/obj/tm.o
 *fill*         0x000000000800205c        0x4 
 .text.tmInit   0x0000000008002060       0x40 bin/obj/tm.o
                0x0000000008002060                tmInit
 .text.Vector6C
                0x00000000080020a0       0x28 bin/obj/stm32_dma.o
                0x00000000080020a0                Vector6C
 *fill*         0x00000000080020c8        0x8 
 .text.Vector70
                0x00000000080020d0       0x28 bin/obj/stm32_dma.o
                0x00000000080020d0                Vector70
 *fill*         0x00000000080020f8        0x8 
 .text.Vector74
                0x0000000008002100       0x28 bin/obj/stm32_dma.o
                0x0000000008002100                Vector74
 *fill*         0x0000000008002128        0x8 
 .text.Vector78
                0x0000000008002130       0x28 bin/obj/stm32_dma.o
                0x0000000008002130                Vector78
 *fill*         0x0000000008002158        0x8 
 .text.Vector7C
                0x0000000008002160       0x28 bin/obj/stm32_dma.o
                0x0000000008002160                Vector7C
 *fill*         0x0000000008002188        0x8 
 .text.Vector80
                0x0000000008002190       0x28 bin/obj/stm32_dma.o
                0x0000000008002190                Vector80
 *fill*         0x00000000080021b8        0x8 
 .text.Vector84
                0x00000000080021c0       0x28 bin/obj/stm32_dma.o
                0x00000000080021c0                Vector84
 *fill*         0x00000000080021e8        0x8 
 .text.Vector120
                0x00000000080021f0       0x28 bin/obj/stm32_dma.o
                0x00000000080021f0                Vector120
 *fill*         0x0000000008002218        0x8 
 .text.Vector124
                0x0000000008002220       0x28 bin/obj/stm32_dma.o
                0x0000000008002220                Vector124
 *fill*         0x0000000008002248        0x8 
 .text.Vector128
                0x0000000008002250       0x28 bin/obj/stm32_dma.o
                0x0000000008002250                Vector128
 *fill*         0x0000000008002278        0x8 
 .text.Vector12C
                0x0000000008002280       0x44 bin/obj/stm32_dma.o
                0x0000000008002280                Vector12C
 *fill*         0x00000000080022c4        0xc 
 .text.dmaInit  0x00000000080022d0       0x4c bin/obj/stm32_dma.o
                0x00000000080022d0                dmaInit
 *fill*         0x000000000800231c        0x4 
 .text.dmaStreamAllocate
                0x0000000008002320       0x80 bin/obj/stm32_dma.o
                0x0000000008002320                dmaStreamAllocate
 .text.dmaStreamRelease
                0x00000000080023a0       0x44 bin/obj/stm32_dma.o
                0x00000000080023a0                dmaStreamRelease
 *fill*         0x00000000080023e4        0xc 
 .text.hal_lld_init
                0x00000000080023f0       0x70 bin/obj/hal_lld.o
                0x00000000080023f0                hal_lld_init
 .text.stm32_clock_init
                0x0000000008002460       0x88 bin/obj/hal_lld.o
                0x0000000008002460                stm32_clock_init
 *fill*         0x00000000080024e8        0x8 
 .text.adc_lld_serve_rx_interrupt
                0x00000000080024f0      0x108 bin/obj/adc_lld.o
 *fill*         0x00000000080025f8        0x8 
 .text.adc_lld_init
                0x0000000008002600       0x68 bin/obj/adc_lld.o
                0x0000000008002600                adc_lld_init
 *fill*         0x0000000008002668        0x8 
 .text.adc_lld_start
                0x0000000008002670       0x4c bin/obj/adc_lld.o
                0x0000000008002670                adc_lld_start
 *fill*         0x00000000080026bc        0x4 
 .text.adc_lld_start_conversion
                0x00000000080026c0       0x74 bin/obj/adc_lld.o
                0x00000000080026c0                adc_lld_start_conversion
 *fill*         0x0000000008002734        0xc 
 .text.Vector58
                0x0000000008002740       0x24 bin/obj/ext_lld_isr.o
                0x0000000008002740                Vector58
 *fill*         0x0000000008002764        0xc 
 .text.Vector5C
                0x0000000008002770       0x24 bin/obj/ext_lld_isr.o
                0x0000000008002770                Vector5C
 *fill*         0x0000000008002794        0xc 
 .text.Vector60
                0x00000000080027a0       0x24 bin/obj/ext_lld_isr.o
                0x00000000080027a0                Vector60
 *fill*         0x00000000080027c4        0xc 
 .text.Vector64
                0x00000000080027d0       0x24 bin/obj/ext_lld_isr.o
                0x00000000080027d0                Vector64
 *fill*         0x00000000080027f4        0xc 
 .text.Vector68
                0x0000000008002800       0x24 bin/obj/ext_lld_isr.o
                0x0000000008002800                Vector68
 *fill*         0x0000000008002824        0xc 
 .text.Vector9C
                0x0000000008002830       0x6c bin/obj/ext_lld_isr.o
                0x0000000008002830                Vector9C
 *fill*         0x000000000800289c        0x4 
 .text.VectorE0
                0x00000000080028a0       0x7c bin/obj/ext_lld_isr.o
                0x00000000080028a0                VectorE0
 *fill*         0x000000000800291c        0x4 
 .text.Vector44
                0x0000000008002920       0x28 bin/obj/ext_lld_isr.o
                0x0000000008002920                Vector44
 *fill*         0x0000000008002948        0x8 
 .text.VectorE4
                0x0000000008002950       0x28 bin/obj/ext_lld_isr.o
                0x0000000008002950                VectorE4
 *fill*         0x0000000008002978        0x8 
 .text.VectorE8
                0x0000000008002980       0x28 bin/obj/ext_lld_isr.o
                0x0000000008002980                VectorE8
 *fill*         0x00000000080029a8        0x8 
 .text.ext_lld_exti_irq_enable
                0x00000000080029b0       0x58 bin/obj/ext_lld_isr.o
                0x00000000080029b0                ext_lld_exti_irq_enable
 *fill*         0x0000000008002a08        0x8 
 .text.ext_lld_init
                0x0000000008002a10        0xc bin/obj/ext_lld.o
                0x0000000008002a10                ext_lld_init
 *fill*         0x0000000008002a1c        0x4 
 .text.ext_lld_channel_enable
                0x0000000008002a20       0x98 bin/obj/ext_lld.o
                0x0000000008002a20                ext_lld_channel_enable
 *fill*         0x0000000008002ab8        0x8 
 .text.ext_lld_start
                0x0000000008002ac0       0x64 bin/obj/ext_lld.o
                0x0000000008002ac0                ext_lld_start
 *fill*         0x0000000008002b24        0xc 
 .text._pal_lld_init
                0x0000000008002b30       0x94 bin/obj/pal_lld.o
                0x0000000008002b30                _pal_lld_init
 *fill*         0x0000000008002bc4        0xc 
 .text._pal_lld_setgroupmode
                0x0000000008002bd0       0x68 bin/obj/pal_lld.o
                0x0000000008002bd0                _pal_lld_setgroupmode
 *fill*         0x0000000008002c38        0x8 
 .text.i2c_lld_abort_operation
                0x0000000008002c40       0x44 bin/obj/i2c_lld.o
 *fill*         0x0000000008002c84        0xc 
 .text.i2c_lld_safety_timeout
                0x0000000008002c90       0x2c bin/obj/i2c_lld.o
 *fill*         0x0000000008002cbc        0x4 
 .text.i2c_lld_serve_tx_end_irq
                0x0000000008002cc0       0x30 bin/obj/i2c_lld.o
 .text.i2c_lld_serve_rx_end_irq
                0x0000000008002cf0       0x68 bin/obj/i2c_lld.o
 *fill*         0x0000000008002d58        0x8 
 .text.VectorBC
                0x0000000008002d60      0x110 bin/obj/i2c_lld.o
                0x0000000008002d60                VectorBC
 .text.VectorC0
                0x0000000008002e70       0xe8 bin/obj/i2c_lld.o
                0x0000000008002e70                VectorC0
 *fill*         0x0000000008002f58        0x8 
 .text.i2c_lld_init
                0x0000000008002f60       0x2c bin/obj/i2c_lld.o
                0x0000000008002f60                i2c_lld_init
 *fill*         0x0000000008002f8c        0x4 
 .text.i2c_lld_start
                0x0000000008002f90      0x160 bin/obj/i2c_lld.o
                0x0000000008002f90                i2c_lld_start
 .text.i2c_lld_stop
                0x00000000080030f0       0x44 bin/obj/i2c_lld.o
                0x00000000080030f0                i2c_lld_stop
 *fill*         0x0000000008003134        0xc 
 .text.i2c_lld_master_transmit_timeout
                0x0000000008003140       0xf8 bin/obj/i2c_lld.o
                0x0000000008003140                i2c_lld_master_transmit_timeout
 *fill*         0x0000000008003238        0x8 
 .text.spi_lld_serve_tx_interrupt
                0x0000000008003240        0xc bin/obj/spi_lld.o
 *fill*         0x000000000800324c        0x4 
 .text.spi_lld_serve_rx_interrupt
                0x0000000008003250       0x74 bin/obj/spi_lld.o
 *fill*         0x00000000080032c4        0xc 
 .text.spi_lld_init
                0x00000000080032d0       0x40 bin/obj/spi_lld.o
                0x00000000080032d0                spi_lld_init
 .text.spi_lld_start
                0x0000000008003310       0x98 bin/obj/spi_lld.o
                0x0000000008003310                spi_lld_start
 *fill*         0x00000000080033a8        0x8 
 .text.spi_lld_select
                0x00000000080033b0       0x10 bin/obj/spi_lld.o
                0x00000000080033b0                spi_lld_select
 .text.spi_lld_unselect
                0x00000000080033c0       0x10 bin/obj/spi_lld.o
                0x00000000080033c0                spi_lld_unselect
 .text.spi_lld_polled_exchange
                0x00000000080033d0       0x10 bin/obj/spi_lld.o
                0x00000000080033d0                spi_lld_polled_exchange
 .text.VectorA4
                0x00000000080033e0       0x34 bin/obj/gpt_lld.o
                0x00000000080033e0                VectorA4
 *fill*         0x0000000008003414        0xc 
 .text.VectorB0
                0x0000000008003420       0x34 bin/obj/gpt_lld.o
                0x0000000008003420                VectorB0
 *fill*         0x0000000008003454        0xc 
 .text.Vector108
                0x0000000008003460       0x34 bin/obj/gpt_lld.o
                0x0000000008003460                Vector108
 *fill*         0x0000000008003494        0xc 
 .text.gpt_lld_init
                0x00000000080034a0       0x40 bin/obj/gpt_lld.o
                0x00000000080034a0                gpt_lld_init
 .text.gpt_lld_start
                0x00000000080034e0       0xb4 bin/obj/gpt_lld.o
                0x00000000080034e0                gpt_lld_start
 *fill*         0x0000000008003594        0xc 
 .text.gpt_lld_start_timer
                0x00000000080035a0       0x1c bin/obj/gpt_lld.o
                0x00000000080035a0                gpt_lld_start_timer
 *fill*         0x00000000080035bc        0x4 
 .text.notify1  0x00000000080035c0       0x14 bin/obj/serial_lld.o
 *fill*         0x00000000080035d4        0xc 
 .text.notify2  0x00000000080035e0       0x14 bin/obj/serial_lld.o
 *fill*         0x00000000080035f4        0xc 
 .text.notify3  0x0000000008003600       0x14 bin/obj/serial_lld.o
 *fill*         0x0000000008003614        0xc 
 .text.serve_interrupt
                0x0000000008003620       0xf0 bin/obj/serial_lld.o
 .text.VectorD4
                0x0000000008003710       0x14 bin/obj/serial_lld.o
                0x0000000008003710                VectorD4
 *fill*         0x0000000008003724        0xc 
 .text.VectorD8
                0x0000000008003730       0x14 bin/obj/serial_lld.o
                0x0000000008003730                VectorD8
 *fill*         0x0000000008003744        0xc 
 .text.VectorDC
                0x0000000008003750       0x14 bin/obj/serial_lld.o
                0x0000000008003750                VectorDC
 *fill*         0x0000000008003764        0xc 
 .text.sd_lld_init
                0x0000000008003770       0x60 bin/obj/serial_lld.o
                0x0000000008003770                sd_lld_init
 .text.sd_lld_start
                0x00000000080037d0       0xc4 bin/obj/serial_lld.o
                0x00000000080037d0                sd_lld_start
 *fill*         0x0000000008003894        0xc 
 .text.__early_init
                0x00000000080038a0        0x4 bin/obj/board.o
                0x00000000080038a0                __early_init
 *fill*         0x00000000080038a4        0xc 
 .text.boardInit
                0x00000000080038b0       0x10 bin/obj/board.o
                0x00000000080038b0                boardInit
 .text.ltoa     0x00000000080038c0       0x44 bin/obj/chprintf.o
 *fill*         0x0000000008003904        0xc 
 .text.chvprintf
                0x0000000008003910      0x2c4 bin/obj/chprintf.o
                0x0000000008003910                chvprintf
 *fill*         0x0000000008003bd4        0xc 
 .text.cmd_flags
                0x0000000008003be0       0xf4 bin/obj/vexshell.o
 *fill*         0x0000000008003cd4        0xc 
 .text.cmd_systime
                0x0000000008003ce0       0x28 bin/obj/vexshell.o
 *fill*         0x0000000008003d08        0x8 
 .text.cmd_info
                0x0000000008003d10       0xf4 bin/obj/vexshell.o
 *fill*         0x0000000008003e04        0xc 
 .text.cmd_reboot
                0x0000000008003e10       0x40 bin/obj/vexshell.o
 .text.cmd_threads
                0x0000000008003e50       0x88 bin/obj/vexshell.o
 *fill*         0x0000000008003ed8        0x8 
 .text.cmd_mem  0x0000000008003ee0       0x78 bin/obj/vexshell.o
 *fill*         0x0000000008003f58        0x8 
 .text._strtok.constprop.5
                0x0000000008003f60       0x40 bin/obj/vexshell.o
 .text.shellInit
                0x0000000008003fa0        0xc bin/obj/vexshell.o
                0x0000000008003fa0                shellInit
 *fill*         0x0000000008003fac        0x4 
 .text.shellCreate
                0x0000000008003fb0       0x18 bin/obj/vexshell.o
                0x0000000008003fb0                shellCreate
 *fill*         0x0000000008003fc8        0x8 
 .text.shellGetLine
                0x0000000008003fd0      0x1cc bin/obj/vexshell.o
                0x0000000008003fd0                shellGetLine
 *fill*         0x000000000800419c        0x4 
 .text.shell_thread
                0x00000000080041a0      0x1f4 bin/obj/vexshell.o
 *fill*         0x0000000008004394        0xc 
 .text.vexCortexMonitorTask
                0x00000000080043a0      0x14c bin/obj/vexcortex.o
 *fill*         0x00000000080044ec        0x4 
 .text.vexCortexSystemTask
                0x00000000080044f0       0x4c bin/obj/vexcortex.o
 *fill*         0x000000000800453c        0x4 
 .text.vexTaskRegisterPersistant
                0x0000000008004540       0x6c bin/obj/vexcortex.o
                0x0000000008004540                vexTaskRegisterPersistant
 *fill*         0x00000000080045ac        0x4 
 .text.vexTaskRegister
                0x00000000080045b0        0x8 bin/obj/vexcortex.o
                0x00000000080045b0                vexTaskRegister
 *fill*         0x00000000080045b8        0x8 
 .text.vexSleep
                0x00000000080045c0       0xb8 bin/obj/vexcortex.o
                0x00000000080045c0                vexSleep
 *fill*         0x0000000008004678        0x8 
 .text.vexCortexInit
                0x0000000008004680       0xec bin/obj/vexcortex.o
                0x0000000008004680                vexCortexInit
 *fill*         0x000000000800476c        0x4 
 .text.vexConsoleInit
                0x0000000008004770       0x10 bin/obj/vexcortex.o
                0x0000000008004770                vexConsoleInit
 .text._vi_cb   0x0000000008004780       0x44 bin/obj/vexdigital.o
 *fill*         0x00000000080047c4        0xc 
 .text.vexDigitalModeSet
                0x00000000080047d0       0x3c bin/obj/vexdigital.o
                0x00000000080047d0                vexDigitalModeSet
 *fill*         0x000000000800480c        0x4 
 .text.vexDigitalPinSet
                0x0000000008004810       0x30 bin/obj/vexdigital.o
                0x0000000008004810                vexDigitalPinSet
 .text.vexDigitalPinGet
                0x0000000008004840       0x28 bin/obj/vexdigital.o
                0x0000000008004840                vexDigitalPinGet
 *fill*         0x0000000008004868        0x8 
 .text.vexDigitalIntrSet
                0x0000000008004870       0x74 bin/obj/vexdigital.o
                0x0000000008004870                vexDigitalIntrSet
 *fill*         0x00000000080048e4        0xc 
 .text.vexDigitalIntrRun
                0x00000000080048f0       0x30 bin/obj/vexdigital.o
                0x00000000080048f0                vexDigitalIntrRun
 .text.vexDigitalIntrCountGet
                0x0000000008004920       0x1c bin/obj/vexdigital.o
                0x0000000008004920                vexDigitalIntrCountGet
 *fill*         0x000000000800493c        0x4 
 .text.vexDigitalConfigure
                0x0000000008004940      0x134 bin/obj/vexconfig.o
                0x0000000008004940                vexDigitalConfigure
 *fill*         0x0000000008004a74        0xc 
 .text.vexDigitalTypeGet
                0x0000000008004a80       0x1c bin/obj/vexconfig.o
                0x0000000008004a80                vexDigitalTypeGet
 *fill*         0x0000000008004a9c        0x4 
 .text.vexDigitalTypeGetName
                0x0000000008004aa0       0xac bin/obj/vexconfig.o
                0x0000000008004aa0                vexDigitalTypeGetName
 *fill*         0x0000000008004b4c        0x4 
 .text.vexDigitalChannelGet
                0x0000000008004b50       0x1c bin/obj/vexconfig.o
                0x0000000008004b50                vexDigitalChannelGet
 *fill*         0x0000000008004b6c        0x4 
 .text.vexDigitalCfgGet
                0x0000000008004b70       0x1c bin/obj/vexconfig.o
                0x0000000008004b70                vexDigitalCfgGet
 *fill*         0x0000000008004b8c        0x4 
 .text.vexMotorConfigure
                0x0000000008004b90       0xd4 bin/obj/vexconfig.o
                0x0000000008004b90                vexMotorConfigure
 *fill*         0x0000000008004c64        0xc 
 .text.vexExtSet
                0x0000000008004c70       0x54 bin/obj/vexext.o
                0x0000000008004c70                vexExtSet
 *fill*         0x0000000008004cc4        0xc 
 .text.vexExtIrqInit
                0x0000000008004cd0       0x10 bin/obj/vexext.o
                0x0000000008004cd0                vexExtIrqInit
 .text._vqe_1_cb_a
                0x0000000008004ce0       0x44 bin/obj/vexencoder.o
 *fill*         0x0000000008004d24        0xc 
 .text._vqe_1_cb_b
                0x0000000008004d30       0x44 bin/obj/vexencoder.o
 *fill*         0x0000000008004d74        0xc 
 .text._vqe_2_cb_a
                0x0000000008004d80       0x44 bin/obj/vexencoder.o
 *fill*         0x0000000008004dc4        0xc 
 .text._vqe_2_cb_b
                0x0000000008004dd0       0x44 bin/obj/vexencoder.o
 *fill*         0x0000000008004e14        0xc 
 .text._vqe_3_cb_a
                0x0000000008004e20       0x44 bin/obj/vexencoder.o
 *fill*         0x0000000008004e64        0xc 
 .text._vqe_3_cb_b
                0x0000000008004e70       0x44 bin/obj/vexencoder.o
 *fill*         0x0000000008004eb4        0xc 
 .text._vqe_4_cb_a
                0x0000000008004ec0       0x44 bin/obj/vexencoder.o
 *fill*         0x0000000008004f04        0xc 
 .text._vqe_4_cb_b
                0x0000000008004f10       0x44 bin/obj/vexencoder.o
 *fill*         0x0000000008004f54        0xc 
 .text._vqe_5_cb_a
                0x0000000008004f60       0x44 bin/obj/vexencoder.o
 *fill*         0x0000000008004fa4        0xc 
 .text._vqe_5_cb_b
                0x0000000008004fb0       0x44 bin/obj/vexencoder.o
 *fill*         0x0000000008004ff4        0xc 
 .text.vexEncoderInit
                0x0000000008005000       0x2c bin/obj/vexencoder.o
                0x0000000008005000                vexEncoderInit
 *fill*         0x000000000800502c        0x4 
 .text.vexEncoderAdd
                0x0000000008005030       0xb0 bin/obj/vexencoder.o
                0x0000000008005030                vexEncoderAdd
 .text.vexEncoderStart
                0x00000000080050e0       0x38 bin/obj/vexencoder.o
                0x00000000080050e0                vexEncoderStart
 *fill*         0x0000000008005118        0x8 
 .text.vexEncoderStartAll
                0x0000000008005120       0x14 bin/obj/vexencoder.o
                0x0000000008005120                vexEncoderStartAll
 *fill*         0x0000000008005134        0xc 
 .text.vexEncoderGet
                0x0000000008005140       0x20 bin/obj/vexencoder.o
                0x0000000008005140                vexEncoderGet
 .text.vexEncoderSet
                0x0000000008005160       0x1c bin/obj/vexencoder.o
                0x0000000008005160                vexEncoderSet
 *fill*         0x000000000800517c        0x4 
 .text.vexEncoderGetId
                0x0000000008005180       0x20 bin/obj/vexencoder.o
                0x0000000008005180                vexEncoderGetId
 .text.vexEncoderDebug
                0x00000000080051a0       0x38 bin/obj/vexencoder.o
                0x00000000080051a0                vexEncoderDebug
 *fill*         0x00000000080051d8        0x8 
 .text._vs_echo_cb
                0x00000000080051e0       0x5c bin/obj/vexsonar.o
 *fill*         0x000000000800523c        0x4 
 .text._vs_gpt_cb
                0x0000000008005240       0x74 bin/obj/vexsonar.o
 *fill*         0x00000000080052b4        0xc 
 .text.vexSonarAdd
                0x00000000080052c0       0x78 bin/obj/vexsonar.o
                0x00000000080052c0                vexSonarAdd
 *fill*         0x0000000008005338        0x8 
 .text.vexSonarStartAll
                0x0000000008005340       0x2c bin/obj/vexsonar.o
                0x0000000008005340                vexSonarStartAll
 *fill*         0x000000000800536c        0x4 
 .text.vexSonarRun
                0x0000000008005370       0x4c bin/obj/vexsonar.o
                0x0000000008005370                vexSonarRun
 *fill*         0x00000000080053bc        0x4 
 .text.vexSonarPing
                0x00000000080053c0       0x3c bin/obj/vexsonar.o
                0x00000000080053c0                vexSonarPing
 *fill*         0x00000000080053fc        0x4 
 .text.VexSonarTask
                0x0000000008005400       0xf8 bin/obj/vexsonar.o
 *fill*         0x00000000080054f8        0x8 
 .text.vexSonarGetCm
                0x0000000008005500       0x1c bin/obj/vexsonar.o
                0x0000000008005500                vexSonarGetCm
 *fill*         0x000000000800551c        0x4 
 .text.vexSonarGetInch
                0x0000000008005520       0x1c bin/obj/vexsonar.o
                0x0000000008005520                vexSonarGetInch
 *fill*         0x000000000800553c        0x4 
 .text.vexSonarDebug
                0x0000000008005540       0x50 bin/obj/vexsonar.o
                0x0000000008005540                vexSonarDebug
 .text.vexMotorPositionGet.part.1
                0x0000000008005590       0x38 bin/obj/vexmotor.o
 *fill*         0x00000000080055c8        0x8 
 .text.vexMotorSet
                0x00000000080055d0       0x28 bin/obj/vexmotor.o
                0x00000000080055d0                vexMotorSet
 *fill*         0x00000000080055f8        0x8 
 .text.vexMotorGet
                0x0000000008005600       0x1c bin/obj/vexmotor.o
                0x0000000008005600                vexMotorGet
 *fill*         0x000000000800561c        0x4 
 .text.vexMotorStopAll
                0x0000000008005620       0x1c bin/obj/vexmotor.o
                0x0000000008005620                vexMotorStopAll
 *fill*         0x000000000800563c        0x4 
 .text.vexMotorTypeSet
                0x0000000008005640       0x18 bin/obj/vexmotor.o
                0x0000000008005640                vexMotorTypeSet
 *fill*         0x0000000008005658        0x8 
 .text.vexMotorTypeGet
                0x0000000008005660       0x1c bin/obj/vexmotor.o
                0x0000000008005660                vexMotorTypeGet
 *fill*         0x000000000800567c        0x4 
 .text.vexMotorDirectionSet
                0x0000000008005680       0x18 bin/obj/vexmotor.o
                0x0000000008005680                vexMotorDirectionSet
 *fill*         0x0000000008005698        0x8 
 .text.vexMotorDirectionGet
                0x00000000080056a0       0x1c bin/obj/vexmotor.o
                0x00000000080056a0                vexMotorDirectionGet
 *fill*         0x00000000080056bc        0x4 
 .text.vexMotorPositionGet
                0x00000000080056c0       0x10 bin/obj/vexmotor.o
                0x00000000080056c0                vexMotorPositionGet
 .text.vexMotorPositionGetCallback
                0x00000000080056d0       0x1c bin/obj/vexmotor.o
                0x00000000080056d0                vexMotorPositionGetCallback
 *fill*         0x00000000080056ec        0x4 
 .text.vexMotorPositionSetCallback
                0x00000000080056f0       0x1c bin/obj/vexmotor.o
                0x00000000080056f0                vexMotorPositionSetCallback
 *fill*         0x000000000800570c        0x4 
 .text.vexMotorEncoderIdCallback
                0x0000000008005710       0x1c bin/obj/vexmotor.o
                0x0000000008005710                vexMotorEncoderIdCallback
 *fill*         0x000000000800572c        0x4 
 .text.vexMotorEncoderIdGet
                0x0000000008005730       0x24 bin/obj/vexmotor.o
                0x0000000008005730                vexMotorEncoderIdGet
 *fill*         0x0000000008005754        0xc 
 .text.vexMotorDebug
                0x0000000008005760       0xe8 bin/obj/vexmotor.o
                0x0000000008005760                vexMotorDebug
 *fill*         0x0000000008005848        0x8 
 .text._vexMotorPwmInit
                0x0000000008005850      0x140 bin/obj/vexmotor.o
                0x0000000008005850                _vexMotorPwmInit
 .text.vexMotorInit
                0x0000000008005990       0x3c bin/obj/vexmotor.o
                0x0000000008005990                vexMotorInit
 *fill*         0x00000000080059cc        0x4 
 .text._vexMotorPwmSet_0
                0x00000000080059d0       0x58 bin/obj/vexmotor.o
                0x00000000080059d0                _vexMotorPwmSet_0
 *fill*         0x0000000008005a28        0x8 
 .text._vexMotorPwmSet_9
                0x0000000008005a30       0x64 bin/obj/vexmotor.o
                0x0000000008005a30                _vexMotorPwmSet_9
 *fill*         0x0000000008005a94        0xc 
 .text.VectorB8
                0x0000000008005aa0      0x12c bin/obj/vexmotor.o
                0x0000000008005aa0                VectorB8
 *fill*         0x0000000008005bcc        0x4 
 .text._vspi_gpt_cb
                0x0000000008005bd0       0x24 bin/obj/vexspi.o
 *fill*         0x0000000008005bf4        0xc 
 .text.chprintf
                0x0000000008005c00       0x20 bin/obj/vexspi.o
 .text.vexSpiInit
                0x0000000008005c20       0x54 bin/obj/vexspi.o
                0x0000000008005c20                vexSpiInit
 *fill*         0x0000000008005c74        0xc 
 .text.vexSpiGetOnlineStatus
                0x0000000008005c80        0xc bin/obj/vexspi.o
                0x0000000008005c80                vexSpiGetOnlineStatus
 *fill*         0x0000000008005c8c        0x4 
 .text.vexSpiGetJoystickDataPtr
                0x0000000008005c90       0x14 bin/obj/vexspi.o
                0x0000000008005c90                vexSpiGetJoystickDataPtr
 *fill*         0x0000000008005ca4        0xc 
 .text.vexSpiGetControl
                0x0000000008005cb0        0xc bin/obj/vexspi.o
                0x0000000008005cb0                vexSpiGetControl
 *fill*         0x0000000008005cbc        0x4 
 .text.vexSpiGetMainBattery
                0x0000000008005cc0       0x18 bin/obj/vexspi.o
                0x0000000008005cc0                vexSpiGetMainBattery
 *fill*         0x0000000008005cd8        0x8 
 .text.vexSpiGetBackupBattery
                0x0000000008005ce0       0x18 bin/obj/vexspi.o
                0x0000000008005ce0                vexSpiGetBackupBattery
 *fill*         0x0000000008005cf8        0x8 
 .text.vexSpiSetMotor
                0x0000000008005d00       0x2c bin/obj/vexspi.o
                0x0000000008005d00                vexSpiSetMotor
 *fill*         0x0000000008005d2c        0x4 
 .text.vexSpiTickDelay
                0x0000000008005d30       0x34 bin/obj/vexspi.o
                0x0000000008005d30                vexSpiTickDelay
 *fill*         0x0000000008005d64        0xc 
 .text.vexSpiSend
                0x0000000008005d70      0x138 bin/obj/vexspi.o
                0x0000000008005d70                vexSpiSend
 *fill*         0x0000000008005ea8        0x8 
 .text.vexSpiDebug
                0x0000000008005eb0      0x170 bin/obj/vexspi.o
                0x0000000008005eb0                vexSpiDebug
 .text.vexLcdSet.part.0
                0x0000000008006020       0x24 bin/obj/vexlcd.o
 *fill*         0x0000000008006044        0xc 
 .text.vexLcdSendMessage.part.2
                0x0000000008006050       0x9c bin/obj/vexlcd.o
 *fill*         0x00000000080060ec        0x4 
 .text.vexLcdInit
                0x00000000080060f0       0xb8 bin/obj/vexlcd.o
                0x00000000080060f0                vexLcdInit
 *fill*         0x00000000080061a8        0x8 
 .text.vexLcdPrintf
                0x00000000080061b0       0x44 bin/obj/vexlcd.o
                0x00000000080061b0                vexLcdPrintf
 *fill*         0x00000000080061f4        0xc 
 .text.vexLcdCheckReceiveMessage
                0x0000000008006200       0x7c bin/obj/vexlcd.o
                0x0000000008006200                vexLcdCheckReceiveMessage
 *fill*         0x000000000800627c        0x4 
 .text.VexLcdUpdate
                0x0000000008006280       0xd0 bin/obj/vexlcd.o
 .text.vexLcdDebug
                0x0000000008006350       0x98 bin/obj/vexlcd.o
                0x0000000008006350                vexLcdDebug
 *fill*         0x00000000080063e8        0x8 
 .text.vexAdcInit
                0x00000000080063f0       0x30 bin/obj/vexanalog.o
                0x00000000080063f0                vexAdcInit
 .text.vexAdcGet
                0x0000000008006420       0x18 bin/obj/vexanalog.o
                0x0000000008006420                vexAdcGet
 *fill*         0x0000000008006438        0x8 
 .text.vexAdcDebug
                0x0000000008006440       0x28 bin/obj/vexanalog.o
                0x0000000008006440                vexAdcDebug
 *fill*         0x0000000008006468        0x8 
 .text.vexControllerCompetitonState
                0x0000000008006470       0x20 bin/obj/vexctl.o
                0x0000000008006470                vexControllerCompetitonState
 .text.vexControllerGet
                0x0000000008006490      0x124 bin/obj/vexctl.o
                0x0000000008006490                vexControllerGet
 *fill*         0x00000000080065b4        0xc 
 .text.vexImeGetCount
                0x00000000080065c0       0x24 bin/obj/vexime.o
                0x00000000080065c0                vexImeGetCount
 *fill*         0x00000000080065e4        0xc 
 .text.vexImeSetCount
                0x00000000080065f0       0x20 bin/obj/vexime.o
                0x00000000080065f0                vexImeSetCount
 .text.vexImeGetId
                0x0000000008006610       0x1c bin/obj/vexime.o
                0x0000000008006610                vexImeGetId
 *fill*         0x000000000800662c        0x4 
 .text.vexImeSetType
                0x0000000008006630       0x3c bin/obj/vexime.o
                0x0000000008006630                vexImeSetType
 *fill*         0x000000000800666c        0x4 
 .text.vexImeSetMotor
                0x0000000008006670       0x18 bin/obj/vexime.o
                0x0000000008006670                vexImeSetMotor
 *fill*         0x0000000008006688        0x8 
 .text.vexImeInit
                0x0000000008006690       0x64 bin/obj/vexime.o
                0x0000000008006690                vexImeInit
 *fill*         0x00000000080066f4        0xc 
 .text.vexIMEDataInit
                0x0000000008006700       0x5c bin/obj/vexime.o
                0x0000000008006700                vexIMEDataInit
 *fill*         0x000000000800675c        0x4 
 .text.vexIMEResetAll
                0x0000000008006760       0x4c bin/obj/vexime.o
                0x0000000008006760                vexIMEResetAll
 *fill*         0x00000000080067ac        0x4 
 .text.vexIMEHandleErrors
                0x00000000080067b0       0x74 bin/obj/vexime.o
                0x00000000080067b0                vexIMEHandleErrors
 *fill*         0x0000000008006824        0xc 
 .text.vexIMEGetVersion
                0x0000000008006830       0x58 bin/obj/vexime.o
                0x0000000008006830                vexIMEGetVersion
 *fill*         0x0000000008006888        0x8 
 .text.vexIMEGetVendor
                0x0000000008006890       0x54 bin/obj/vexime.o
                0x0000000008006890                vexIMEGetVendor
 *fill*         0x00000000080068e4        0xc 
 .text.vexIMEGetDeviceId
                0x00000000080068f0       0x58 bin/obj/vexime.o
                0x00000000080068f0                vexIMEGetDeviceId
 *fill*         0x0000000008006948        0x8 
 .text.vexIMEGetData
                0x0000000008006950       0x58 bin/obj/vexime.o
                0x0000000008006950                vexIMEGetData
 *fill*         0x00000000080069a8        0x8 
 .text.vexIMEUpdateCounts
                0x00000000080069b0       0x80 bin/obj/vexime.o
                0x00000000080069b0                vexIMEUpdateCounts
 .text.vexIMEClearCounters
                0x0000000008006a30       0x50 bin/obj/vexime.o
                0x0000000008006a30                vexIMEClearCounters
 .text.vexIMEDisableTermination
                0x0000000008006a80       0x50 bin/obj/vexime.o
                0x0000000008006a80                vexIMEDisableTermination
 .text.vexIMEEnableTermination
                0x0000000008006ad0       0x50 bin/obj/vexime.o
                0x0000000008006ad0                vexIMEEnableTermination
 .text.vexIMESetAddr
                0x0000000008006b20       0x58 bin/obj/vexime.o
                0x0000000008006b20                vexIMESetAddr
 *fill*         0x0000000008006b78        0x8 
 .text.vexIMEFindEncoders
                0x0000000008006b80      0x108 bin/obj/vexime.o
                0x0000000008006b80                vexIMEFindEncoders
 *fill*         0x0000000008006c88        0x8 
 .text.vexIMEPrintBuf
                0x0000000008006c90       0x74 bin/obj/vexime.o
                0x0000000008006c90                vexIMEPrintBuf
 *fill*         0x0000000008006d04        0xc 
 .text.vexImeTask
                0x0000000008006d10      0x108 bin/obj/vexime.o
 *fill*         0x0000000008006e18        0x8 
 .text.vexIMEDebug
                0x0000000008006e20      0x128 bin/obj/vexime.o
                0x0000000008006e20                vexIMEDebug
 *fill*         0x0000000008006f48        0x8 
 .text.vex_printc
                0x0000000008006f50       0xb0 bin/obj/vexprintf.o
 .text.vex_prints
                0x0000000008007000       0xac bin/obj/vexprintf.o
 *fill*         0x00000000080070ac        0x4 
 .text.vex_printi
                0x00000000080070b0       0xc4 bin/obj/vexprintf.o
 *fill*         0x0000000008007174        0xc 
 .text.vex_print
                0x0000000008007180      0x3d8 bin/obj/vexprintf.o
 *fill*         0x0000000008007558        0x8 
 .text.vex_chprintf
                0x0000000008007560       0x5c bin/obj/vexprintf.o
                0x0000000008007560                vex_chprintf
 *fill*         0x00000000080075bc        0x4 
 .text.vex_vsnprintf
                0x00000000080075c0       0x5c bin/obj/vexprintf.o
                0x00000000080075c0                vex_vsnprintf
 *fill*         0x000000000800761c        0x4 
 .text.vexTestThread
                0x0000000008007620       0x1c bin/obj/vextest.o
 *fill*         0x000000000800763c        0x4 
 .text.vexTest  0x0000000008007640       0x24 bin/obj/vextest.o
                0x0000000008007640                vexTest
 *fill*         0x0000000008007664        0xc 
 .text.vexTestDebug
                0x0000000008007670        0x4 bin/obj/vextest.o
                0x0000000008007670                vexTestDebug
 *fill*         0x0000000008007674        0xc 
 .text.CleanupTask
                0x0000000008007680       0x28 bin/obj/robotc_glue.o
                0x0000000008007680                CleanupTask
 *fill*         0x00000000080076a8        0x8 
 .text.SmartMotorGetSpeed
                0x00000000080076b0       0x1c bin/obj/smartmotor.o
                0x00000000080076b0                SmartMotorGetSpeed
 *fill*         0x00000000080076cc        0x4 
 .text._SmartMotorGetCurrent
                0x00000000080076d0       0x3c bin/obj/smartmotor.o
                0x00000000080076d0                _SmartMotorGetCurrent
 *fill*         0x000000000800770c        0x4 
 .text.SmartMotorGetTemperature
                0x0000000008007710       0x1c bin/obj/smartmotor.o
                0x0000000008007710                SmartMotorGetTemperature
 *fill*         0x000000000800772c        0x4 
 .text.SmartMotorGetControllerCurrent
                0x0000000008007730       0x1c bin/obj/smartmotor.o
                0x0000000008007730                SmartMotorGetControllerCurrent
 *fill*         0x000000000800774c        0x4 
 .text.SmartMotorGetControllerTemperature
                0x0000000008007750       0x1c bin/obj/smartmotor.o
                0x0000000008007750                SmartMotorGetControllerTemperature
 *fill*         0x000000000800776c        0x4 
 .text.apolloPut
                0x0000000008007770       0x34 bin/obj/apollo.o
 *fill*         0x00000000080077a4        0xc 
 .text.vt100_printf
                0x00000000080077b0       0x3c bin/obj/apollo.o
 *fill*         0x00000000080077ec        0x4 
 .text.vt100_drawbox
                0x00000000080077f0       0xe0 bin/obj/apollo.o
                0x00000000080077f0                vt100_drawbox
 .text.apolloScreenSetup
                0x00000000080078d0       0x9c bin/obj/apollo.o
                0x00000000080078d0                apolloScreenSetup
 *fill*         0x000000000800796c        0x4 
 .text.apolloMotorSetup
                0x0000000008007970       0x78 bin/obj/apollo.o
                0x0000000008007970                apolloMotorSetup
 *fill*         0x00000000080079e8        0x8 
 .text.apolloDigitalSetup
                0x00000000080079f0       0x58 bin/obj/apollo.o
                0x00000000080079f0                apolloDigitalSetup
 *fill*         0x0000000008007a48        0x8 
 .text.apolloAnalogSetup
                0x0000000008007a50       0x50 bin/obj/apollo.o
                0x0000000008007a50                apolloAnalogSetup
 .text.apolloJoystickSetup
                0x0000000008007aa0      0x100 bin/obj/apollo.o
                0x0000000008007aa0                apolloJoystickSetup
 .text.apolloUpdateMotor
                0x0000000008007ba0       0xd4 bin/obj/apollo.o
                0x0000000008007ba0                apolloUpdateMotor
 *fill*         0x0000000008007c74        0xc 
 .text.apolloUpdateCortex
                0x0000000008007c80       0x50 bin/obj/apollo.o
                0x0000000008007c80                apolloUpdateCortex
 .text.apolloUpdateDigital
                0x0000000008007cd0       0xbc bin/obj/apollo.o
                0x0000000008007cd0                apolloUpdateDigital
 *fill*         0x0000000008007d8c        0x4 
 .text.apolloUpdateAnalog
                0x0000000008007d90       0x28 bin/obj/apollo.o
                0x0000000008007d90                apolloUpdateAnalog
 *fill*         0x0000000008007db8        0x8 
 .text.apolloUpdateSystem
                0x0000000008007dc0       0xac bin/obj/apollo.o
                0x0000000008007dc0                apolloUpdateSystem
 *fill*         0x0000000008007e6c        0x4 
 .text.apolloUpdateJoystickButton
                0x0000000008007e70       0x50 bin/obj/apollo.o
                0x0000000008007e70                apolloUpdateJoystickButton
 .text.apolloInit
                0x0000000008007ec0       0x54 bin/obj/apollo.o
                0x0000000008007ec0                apolloInit
 *fill*         0x0000000008007f14        0xc 
 .text.apolloDeinit
                0x0000000008007f20       0x34 bin/obj/apollo.o
                0x0000000008007f20                apolloDeinit
 *fill*         0x0000000008007f54        0xc 
 .text.apolloUpdate
                0x0000000008007f60      0x284 bin/obj/apollo.o
                0x0000000008007f60                apolloUpdate
 *fill*         0x00000000080081e4        0xc 
 .text.vexUserSetup
                0x00000000080081f0       0x20 bin/obj/vexuser.o
                0x00000000080081f0                vexUserSetup
 .text.vexUserInit
                0x0000000008008210        0x4 bin/obj/vexuser.o
                0x0000000008008210                vexUserInit
 *fill*         0x0000000008008214        0xc 
 .text.vexAutonomous
                0x0000000008008220       0x14 bin/obj/vexuser.o
                0x0000000008008220                vexAutonomous
 *fill*         0x0000000008008234        0xc 
 .text.vexOperator
                0x0000000008008240       0x64 bin/obj/vexuser.o
                0x0000000008008240                vexOperator
 *fill*         0x00000000080082a4        0xc 
 .text.cmd_apollo
                0x00000000080082b0       0x20 bin/obj/main.o
 .text.atoi     0x00000000080082d0        0x8 /Users/Luca/src/vexilla/src/gcc-arm-none-eabi-5_4-2016q3/bin/../lib/gcc/arm-none-eabi/5.4.1/../../../../arm-none-eabi/lib/armv7-m/libc.a(lib_a-atoi.o)
                0x00000000080082d0                atoi
 *fill*         0x00000000080082d8        0x8 
 .text.strcasecmp
                0x00000000080082e0       0x44 /Users/Luca/src/vexilla/src/gcc-arm-none-eabi-5_4-2016q3/bin/../lib/gcc/arm-none-eabi/5.4.1/../../../../arm-none-eabi/lib/armv7-m/libc.a(lib_a-strcasecmp.o)
                0x00000000080082e0                strcasecmp
 *fill*         0x0000000008008324        0xc 
 .text.strchr   0x0000000008008330       0xd0 /Users/Luca/src/vexilla/src/gcc-arm-none-eabi-5_4-2016q3/bin/../lib/gcc/arm-none-eabi/5.4.1/../../../../arm-none-eabi/lib/armv7-m/libc.a(lib_a-strchr.o)
                0x0000000008008330                strchr
 .text.strncpy  0x0000000008008400       0x68 /Users/Luca/src/vexilla/src/gcc-arm-none-eabi-5_4-2016q3/bin/../lib/gcc/arm-none-eabi/5.4.1/../../../../arm-none-eabi/lib/armv7-m/libc.a(lib_a-strncpy.o)
                0x0000000008008400                strncpy
 *fill*         0x0000000008008468        0x8 
 .text.strspn   0x0000000008008470       0x34 /Users/Luca/src/vexilla/src/gcc-arm-none-eabi-5_4-2016q3/bin/../lib/gcc/arm-none-eabi/5.4.1/../../../../arm-none-eabi/lib/armv7-m/libc.a(lib_a-strspn.o)
                0x0000000008008470                strspn
 *fill*         0x00000000080084a4        0xc 
 .text._strtol_l.isra.0
                0x00000000080084b0      0x138 /Users/Luca/src/vexilla/src/gcc-arm-none-eabi-5_4-2016q3/bin/../lib/gcc/arm-none-eabi/5.4.1/../../../../arm-none-eabi/lib/armv7-m/libc.a(lib_a-strtol.o)
 *fill*         0x00000000080085e8        0x8 
 .text.strtol   0x00000000080085f0       0x2c /Users/Luca/src/vexilla/src/gcc-arm-none-eabi-5_4-2016q3/bin/../lib/gcc/arm-none-eabi/5.4.1/../../../../arm-none-eabi/lib/armv7-m/libc.a(lib_a-strtol.o)
                0x00000000080085f0                strtol
 *fill*         0x000000000800861c        0x4 
 .text.__get_current_locale
                0x0000000008008620       0x18 /Users/Luca/src/vexilla/src/gcc-arm-none-eabi-5_4-2016q3/bin/../lib/gcc/arm-none-eabi/5.4.1/../../../../arm-none-eabi/lib/armv7-m/libc.a(lib_a-locale.o)
 *fill*         0x0000000008008638        0x8 
 .text.__locale_ctype_ptr_l
                0x0000000008008640        0x8 /Users/Luca/src/vexilla/src/gcc-arm-none-eabi-5_4-2016q3/bin/../lib/gcc/arm-none-eabi/5.4.1/../../../../arm-none-eabi/lib/armv7-m/libc.a(lib_a-locale.o)
                0x0000000008008640                __locale_ctype_ptr_l
 *fill*         0x0000000008008648        0x8 
 .text.__locale_ctype_ptr
                0x0000000008008650       0x14 /Users/Luca/src/vexilla/src/gcc-arm-none-eabi-5_4-2016q3/bin/../lib/gcc/arm-none-eabi/5.4.1/../../../../arm-none-eabi/lib/armv7-m/libc.a(lib_a-locale.o)
                0x0000000008008650                __locale_ctype_ptr
 *fill*         0x0000000008008664        0xc 
 .text.__ascii_mbtowc
                0x0000000008008670       0x2c /Users/Luca/src/vexilla/src/gcc-arm-none-eabi-5_4-2016q3/bin/../lib/gcc/arm-none-eabi/5.4.1/../../../../arm-none-eabi/lib/armv7-m/libc.a(lib_a-mbtowc_r.o)
                0x0000000008008670                __ascii_mbtowc
 *fill*         0x000000000800869c        0x4 
 .text.__ascii_wctomb
                0x00000000080086a0       0x1c /Users/Luca/src/vexilla/src/gcc-arm-none-eabi-5_4-2016q3/bin/../lib/gcc/arm-none-eabi/5.4.1/../../../../arm-none-eabi/lib/armv7-m/libc.a(lib_a-wctomb_r.o)
                0x00000000080086a0                __ascii_wctomb
 *(.rodata)
 *fill*         0x00000000080086bc        0x4 
 .rodata        0x00000000080086c0        0x4 bin/obj/vexshell.o
 *(.rodata.*)
 *fill*         0x00000000080086c4        0xc 
 .rodata.str1.4
                0x00000000080086d0        0x5 bin/obj/chsys.o
 *fill*         0x00000000080086d5        0xb 
 .rodata.ch_debug
                0x00000000080086e0       0x16 bin/obj/chregistry.o
                0x00000000080086e0                ch_debug
 *fill*         0x00000000080086f6        0xa 
 .rodata.vmt    0x0000000008008700       0x20 bin/obj/serial.o
 .rodata._stm32_dma_streams
                0x0000000008008720       0x90 bin/obj/stm32_dma.o
                0x0000000008008720                _stm32_dma_streams
 .rodata.cfgtab.6619
                0x00000000080087b0       0x12 bin/obj/pal_lld.o
 *fill*         0x00000000080087c2        0xe 
 .rodata.default_config
                0x00000000080087d0        0xc bin/obj/serial_lld.o
 *fill*         0x00000000080087dc        0x4 
 .rodata.pal_default_config
                0x00000000080087e0       0x54 bin/obj/board.o
                0x00000000080087e0                pal_default_config
 *fill*         0x0000000008008834        0xc 
 .rodata.str1.4
                0x0000000008008840        0x7 bin/obj/chprintf.o
 *fill*         0x0000000008008847        0x9 
 .rodata.states.7835
                0x0000000008008850       0x3c bin/obj/vexshell.o
 *fill*         0x000000000800888c        0x4 
 .rodata.str1.4
                0x0000000008008890      0x55a bin/obj/vexshell.o
                                        0x562 (size before relaxing)
 *fill*         0x0000000008008dea        0x6 
 .rodata.lcd_config
                0x0000000008008df0        0xc bin/obj/vexcortex.o
 *fill*         0x0000000008008dfc        0x4 
 .rodata.console_config
                0x0000000008008e00        0xc bin/obj/vexcortex.o
 *fill*         0x0000000008008e0c        0x4 
 .rodata.str1.4
                0x0000000008008e10       0x4c bin/obj/vexcortex.o
                                         0x70 (size before relaxing)
 *fill*         0x0000000008008e5c        0x4 
 .rodata.str1.4
                0x0000000008008e60       0x3b bin/obj/vexconfig.o
                                         0x3f (size before relaxing)
 *fill*         0x0000000008008e9b        0x5 
 .rodata._vqe_cb_a
                0x0000000008008ea0       0x14 bin/obj/vexencoder.o
 *fill*         0x0000000008008eb4        0xc 
 .rodata._vqe_cb_b
                0x0000000008008ec0       0x14 bin/obj/vexencoder.o
 *fill*         0x0000000008008ed4        0xc 
 .rodata.str1.4
                0x0000000008008ee0       0x11 bin/obj/vexencoder.o
 *fill*         0x0000000008008ef1        0xf 
 .rodata.vexSonarGpt
                0x0000000008008f00        0xc bin/obj/vexsonar.o
 *fill*         0x0000000008008f0c        0x4 
 .rodata.str1.4
                0x0000000008008f10       0x30 bin/obj/vexsonar.o
 .rodata.str1.4
                0x0000000008008f40       0x5d bin/obj/vexmotor.o
                                         0x65 (size before relaxing)
 *fill*         0x0000000008008f9d        0x3 
 .rodata.txInitData
                0x0000000008008fa0       0x20 bin/obj/vexspi.o
 .rodata.vexSpiGpt
                0x0000000008008fc0        0xc bin/obj/vexspi.o
 *fill*         0x0000000008008fcc        0x4 
 .rodata.str1.4
                0x0000000008008fd0       0x67 bin/obj/vexspi.o
                                         0x6b (size before relaxing)
 *fill*         0x0000000008009037        0x9 
 .rodata.str1.4
                0x0000000008009040       0x45 bin/obj/vexlcd.o
                                         0x49 (size before relaxing)
 *fill*         0x0000000008009085        0xb 
 .rodata.str1.4
                0x0000000008009090       0x13 bin/obj/vexanalog.o
 *fill*         0x00000000080090a3        0xd 
 .rodata.str1.4
                0x00000000080090b0       0xf7 bin/obj/vexime.o
                                        0x10b (size before relaxing)
 *fill*         0x00000000080091a7        0x9 
 .rodata.imeI2cConfig
                0x00000000080091b0        0xc bin/obj/vexime.o
 *fill*         0x00000000080091bc        0x4 
 .rodata.str1.4
                0x00000000080091c0        0x2 bin/obj/vexprintf.o
                                          0xb (size before relaxing)
 *fill*         0x00000000080091c2        0xe 
 .rodata.round_nums
                0x00000000080091d0       0x40 bin/obj/vexprintf.o
 .rodata.str1.4
                0x0000000008009210        0x5 bin/obj/vextest.o
 *fill*         0x0000000008009215        0xb 
 .rodata.str1.4
                0x0000000008009220      0x1cb bin/obj/apollo.o
                                        0x1db (size before relaxing)
 *fill*         0x00000000080093eb        0x5 
 .rodata.str1.4
                0x00000000080093f0       0x11 bin/obj/vexuser.o
 *fill*         0x0000000008009401        0xf 
 .rodata.commands
                0x0000000008009410       0x50 bin/obj/main.o
 .rodata.shell_cfg1
                0x0000000008009460        0x8 bin/obj/main.o
 *fill*         0x0000000008009468        0x8 
 .rodata.str1.4
                0x0000000008009470       0x1f bin/obj/main.o
                                         0x2f (size before relaxing)
 *fill*         0x000000000800948f        0x1 
 .rodata.str1.4
                0x0000000008009490        0xc /Users/Luca/src/vexilla/src/gcc-arm-none-eabi-5_4-2016q3/bin/../lib/gcc/arm-none-eabi/5.4.1/../../../../arm-none-eabi/lib/armv7-m/libc.a(lib_a-locale.o)
                                         0x12 (size before relaxing)
 *fill*         0x000000000800949c        0x4 
 .rodata._ctype_
                0x00000000080094a0      0x101 /Users/Luca/src/vexilla/src/gcc-arm-none-eabi-5_4-2016q3/bin/../lib/gcc/arm-none-eabi/5.4.1/../../../../arm-none-eabi/lib/armv7-m/libc.a(lib_a-ctype_.o)
                0x00000000080094a0                _ctype_
 *(.glue_7t)
 .glue_7t       0x00000000080095a1        0x0 linker stubs
 *(.glue_7)
 .glue_7        0x00000000080095a1        0x0 linker stubs
 *(.gcc*)

.vfp11_veneer   0x00000000080095a4        0x0
 .vfp11_veneer  0x00000000080095a4        0x0 linker stubs

.v4_bx          0x00000000080095a4        0x0
 .v4_bx         0x00000000080095a4        0x0 linker stubs

.iplt           0x00000000080095a4        0x0
 .iplt          0x00000000080095a4        0x0 bin/obj/crt0.o

.rel.dyn        0x00000000080095a4        0x0
 .rel.iplt      0x00000000080095a4        0x0 bin/obj/crt0.o

.ARM.extab
 *(.ARM.extab* .gnu.linkonce.armextab.*)

.ARM.exidx      0x00000000080095a1        0x0
                [!provide]                        PROVIDE (__exidx_start, .)
 *(.ARM.exidx* .gnu.linkonce.armexidx.*)
                [!provide]                        PROVIDE (__exidx_end, .)

.eh_frame_hdr
 *(.eh_frame_hdr)

.eh_frame
 *(.eh_frame)

.textalign      0x00000000080095a1        0x7
                0x00000000080095a8                . = ALIGN (0x8)
 *fill*         0x00000000080095a1        0x7 
                0x00000000080095a8                . = ALIGN (0x4)
                0x00000000080095a8                _etext = .
                0x00000000080095a8                _textdata = _etext

.stacks         0x0000000020000000      0x800
                0x0000000020000000                . = ALIGN (0x8)
                0x0000000020000000                __main_stack_base__ = .
                0x0000000020000400                . = (. + __main_stack_size__)
 *fill*         0x0000000020000000      0x400 
                0x0000000020000400                . = ALIGN (0x8)
                0x0000000020000400                __main_stack_end__ = .
                0x0000000020000400                __process_stack_base__ = .
                0x0000000020000400                __main_thread_stack_base__ = .
                0x0000000020000800                . = (. + __process_stack_size__)
 *fill*         0x0000000020000400      0x400 
                0x0000000020000800                . = ALIGN (0x8)
                0x0000000020000800                __process_stack_end__ = .
                0x0000000020000800                __main_thread_stack_end__ = .

.data           0x0000000020000800      0x8d0 load address 0x00000000080095a8
                0x0000000020000800                . = ALIGN (0x4)
                0x0000000020000800                PROVIDE (_data, .)
 *(.data)
                0x0000000020000800                . = ALIGN (0x4)
 *(.data.*)
 .data.shell_echo
                0x0000000020000800        0x1 bin/obj/vexshell.o
 .data.shell_bufr
                0x0000000020000801        0x1 bin/obj/vexshell.o
 *fill*         0x0000000020000802        0x2 
 .data.local_commands
                0x0000000020000804       0x38 bin/obj/vexshell.o
 .data.task_terminate
                0x000000002000083c        0x4 bin/obj/vexcortex.o
 .data.vexioDefinition
                0x0000000020000840       0x90 bin/obj/vexdigital.o
                0x0000000020000840                vexioDefinition
 .data.vexDefConfig
                0x00000000200008d0       0x48 bin/obj/vexconfig.o
 .data.vexExtCfg
                0x0000000020000918       0x98 bin/obj/vexext.o
 .data.spicfg   0x00000000200009b0        0xc bin/obj/vexspi.o
 .data.spiTeamName
                0x00000000200009bc       0x10 bin/obj/vexspi.o
 .data.vexLcdData
                0x00000000200009cc       0xc0 bin/obj/vexlcd.o
 .data.adccg    0x0000000020000a8c       0x28 bin/obj/vexanalog.o
 .data.mConfig  0x0000000020000ab4       0x3c bin/obj/vexuser.o
 .data.dConfig  0x0000000020000af0       0x48 bin/obj/vexuser.o
 .data.impure_data
                0x0000000020000b38      0x428 /Users/Luca/src/vexilla/src/gcc-arm-none-eabi-5_4-2016q3/bin/../lib/gcc/arm-none-eabi/5.4.1/../../../../arm-none-eabi/lib/armv7-m/libc.a(lib_a-impure.o)
 .data._impure_ptr
                0x0000000020000f60        0x4 /Users/Luca/src/vexilla/src/gcc-arm-none-eabi-5_4-2016q3/bin/../lib/gcc/arm-none-eabi/5.4.1/../../../../arm-none-eabi/lib/armv7-m/libc.a(lib_a-impure.o)
                0x0000000020000f60                _impure_ptr
 .data.__global_locale
                0x0000000020000f64      0x16c /Users/Luca/src/vexilla/src/gcc-arm-none-eabi-5_4-2016q3/bin/../lib/gcc/arm-none-eabi/5.4.1/../../../../arm-none-eabi/lib/armv7-m/libc.a(lib_a-locale.o)
                0x0000000020000f64                __global_locale
                0x00000000200010d0                . = ALIGN (0x4)
 *(.ramtext)
                0x00000000200010d0                . = ALIGN (0x4)
                0x00000000200010d0                PROVIDE (_edata, .)

.igot.plt       0x00000000200010d0        0x0 load address 0x0000000008009e78
 .igot.plt      0x00000000200010d0        0x0 bin/obj/crt0.o

.bss            0x00000000200010d0     0x2210 load address 0x0000000008009e78
                0x00000000200010d0                . = ALIGN (0x4)
                0x00000000200010d0                PROVIDE (_bss_start, .)
 *(.bss)
                0x00000000200010d0                . = ALIGN (0x4)
 *(.bss.*)
 .bss.mainthread.4904
                0x00000000200010d0       0x48 bin/obj/chsys.o
 .bss._idle_thread_wa
                0x0000000020001118       0xc0 bin/obj/chsys.o
                0x0000000020001118                _idle_thread_wa
 .bss.vtlist    0x00000000200011d8       0x10 bin/obj/chvt.o
                0x00000000200011d8                vtlist
 .bss.rlist     0x00000000200011e8       0x1c bin/obj/chschd.o
                0x00000000200011e8                rlist
 .bss.endmem    0x0000000020001204        0x4 bin/obj/chmemcore.o
 .bss.nextmem   0x0000000020001208        0x4 bin/obj/chmemcore.o
 *fill*         0x000000002000120c        0x4 
 .bss.default_heap
                0x0000000020001210       0x20 bin/obj/chheap.o
 .bss.measurement_offset
                0x0000000020001230        0x4 bin/obj/tm.o
 .bss.dma_isr_redir
                0x0000000020001234       0x60 bin/obj/stm32_dma.o
 .bss.dma_streams_mask
                0x0000000020001294        0x4 bin/obj/stm32_dma.o
 .bss.ADCD1     0x0000000020001298       0x34 bin/obj/adc_lld.o
                0x0000000020001298                ADCD1
 .bss.EXTD1     0x00000000200012cc        0x8 bin/obj/ext_lld.o
                0x00000000200012cc                EXTD1
 .bss.I2CD1     0x00000000200012d4       0x38 bin/obj/i2c_lld.o
                0x00000000200012d4                I2CD1
 .bss.dummytx   0x000000002000130c        0x2 bin/obj/spi_lld.o
 *fill*         0x000000002000130e        0x2 
 .bss.SPID1     0x0000000020001310       0x30 bin/obj/spi_lld.o
                0x0000000020001310                SPID1
 .bss.GPTD1     0x0000000020001340       0x10 bin/obj/gpt_lld.o
                0x0000000020001340                GPTD1
 .bss.GPTD2     0x0000000020001350       0x10 bin/obj/gpt_lld.o
                0x0000000020001350                GPTD2
 .bss.GPTD5     0x0000000020001360       0x10 bin/obj/gpt_lld.o
                0x0000000020001360                GPTD5
 .bss.SD1       0x0000000020001370       0xd8 bin/obj/serial_lld.o
                0x0000000020001370                SD1
 .bss.SD2       0x0000000020001448       0xd8 bin/obj/serial_lld.o
                0x0000000020001448                SD2
 .bss.SD3       0x0000000020001520       0xd8 bin/obj/serial_lld.o
                0x0000000020001520                SD3
 .bss.shell_terminated
                0x00000000200015f8        0x4 bin/obj/vexshell.o
                0x00000000200015f8                shell_terminated
 .bss.history.7898
                0x00000000200015fc       0x40 bin/obj/vexshell.o
 *fill*         0x000000002000163c        0x4 
 .bss.waVexUserTask
                0x0000000020001640      0x2b0 bin/obj/vexcortex.o
 .bss.waVexCortexSystemTask
                0x00000000200018f0      0x180 bin/obj/vexcortex.o
 .bss.myThreads
                0x0000000020001a70      0x1e0 bin/obj/vexcortex.o
 .bss.waVexCortexMonitorTask
                0x0000000020001c50      0x280 bin/obj/vexcortex.o
 .bss.vexKillAll
                0x0000000020001ed0        0x1 bin/obj/vexcortex.o
 *fill*         0x0000000020001ed1        0x3 
 .bss.vexQuadEncoders
                0x0000000020001ed4       0x8c bin/obj/vexencoder.o
 .bss.vexSonarThread
                0x0000000020001f60        0x4 bin/obj/vexsonar.o
 *fill*         0x0000000020001f64        0x4 
 .bss.waVexSonarTask
                0x0000000020001f68      0x180 bin/obj/vexsonar.o
 .bss.nextSonar
                0x00000000200020e8        0x1 bin/obj/vexsonar.o
 *fill*         0x00000000200020e9        0x3 
 .bss.vexSonars
                0x00000000200020ec       0xa0 bin/obj/vexsonar.o
 .bss.nextState
                0x000000002000218c        0x1 bin/obj/vexsonar.o
 *fill*         0x000000002000218d        0x1 
 .bss.m0_cur_value
                0x000000002000218e        0x2 bin/obj/vexmotor.o
 .bss.m9_new_value
                0x0000000020002190        0x2 bin/obj/vexmotor.o
 .bss.m9_cur_value
                0x0000000020002192        0x2 bin/obj/vexmotor.o
 .bss.vexMotors
                0x0000000020002194       0xc8 bin/obj/vexmotor.o
 .bss.m0_new_value
                0x000000002000225c        0x2 bin/obj/vexmotor.o
 *fill*         0x000000002000225e        0x2 
 .bss.PwmTimer  0x0000000020002260        0x4 bin/obj/vexmotor.o
 .bss.vexSpiData
                0x0000000020002264       0x68 bin/obj/vexspi.o
 .bss.spiThread
                0x00000000200022cc        0x4 bin/obj/vexspi.o
 .bss.lcd_running
                0x00000000200022d0        0x2 bin/obj/vexlcd.o
 *fill*         0x00000000200022d2        0x2 
 .bss.lcd_buffer
                0x00000000200022d4       0x20 bin/obj/vexlcd.o
 *fill*         0x00000000200022f4        0x4 
 .bss.waVexLcdUpdate
                0x00000000200022f8      0x180 bin/obj/vexlcd.o
 .bss.adccfg    0x0000000020002478        0x4 bin/obj/vexanalog.o
 .bss.samples_buf
                0x000000002000247c       0x10 bin/obj/vexanalog.o
 .bss.vexLocalCompState
                0x000000002000248c        0x2 bin/obj/vexctl.o
 *fill*         0x000000002000248e        0x2 
 .bss.waVexImeTask
                0x0000000020002490      0x280 bin/obj/vexime.o
 .bss.vexImes   0x0000000020002710      0x37c bin/obj/vexime.o
 .bss.pdefs1    0x0000000020002a8c       0x64 bin/obj/vexprintf.o
 .bss.pdefs2    0x0000000020002af0       0x64 bin/obj/vexprintf.o
 *fill*         0x0000000020002b54        0x4 
 .bss.waVexTestThread
                0x0000000020002b58      0x180 bin/obj/vextest.o
 .bss.rcTasks   0x0000000020002cd8       0x50 bin/obj/robotc_glue.o
 .bss.sMotors   0x0000000020002d28      0x4d8 bin/obj/smartmotor.o
 .bss.sPorts    0x0000000020003200       0x9c bin/obj/smartmotor.o
 .bss.count.7994
                0x000000002000329c        0x4 bin/obj/apollo.o
 .bss.buffer.7998
                0x00000000200032a0       0x40 bin/obj/apollo.o
                0x00000000200032e0                . = ALIGN (0x4)
 *(COMMON)
                0x00000000200032e0                . = ALIGN (0x4)
                0x00000000200032e0                PROVIDE (_bss_end, .)
                [!provide]                        PROVIDE (end, .)
                0x00000000200032e0                _end = .
                0x00000000200032e0                __heap_base__ = _end
                0x0000000020010000                __heap_end__ = __ram_end__
OUTPUT(bin/output.elf elf32-littlearm)

.debug_info     0x0000000000000000    0x27f92
 .debug_info    0x0000000000000000      0x2a8 bin/obj/crt0.o
 .debug_info    0x00000000000002a8      0x1d4 bin/obj/vectors.o
 .debug_info    0x000000000000047c       0x99 bin/obj/chcore.o
 .debug_info    0x0000000000000515      0x820 bin/obj/chcore_v7m.o
 .debug_info    0x0000000000000d35      0x40d bin/obj/nvic.o
 .debug_info    0x0000000000001142      0x80e bin/obj/chsys.o
 .debug_info    0x0000000000001950      0x20c bin/obj/chvt.o
 .debug_info    0x0000000000001b5c      0x9c4 bin/obj/chschd.o
 .debug_info    0x0000000000002520      0xbd9 bin/obj/chthreads.o
 .debug_info    0x00000000000030f9      0x83c bin/obj/chdynamic.o
 .debug_info    0x0000000000003935      0x62a bin/obj/chregistry.o
 .debug_info    0x0000000000003f5f      0x9e2 bin/obj/chmtx.o
 .debug_info    0x0000000000004941      0xd79 bin/obj/chevents.o
 .debug_info    0x00000000000056ba      0xbd4 bin/obj/chqueues.o
 .debug_info    0x000000000000628e      0x226 bin/obj/chmemcore.o
 .debug_info    0x00000000000064b4      0x6f5 bin/obj/chheap.o
 .debug_info    0x0000000000006ba9      0x413 bin/obj/chmempools.o
 .debug_info    0x0000000000006fbc      0x3c9 bin/obj/hal.o
 .debug_info    0x0000000000007385      0xda4 bin/obj/adc.o
 .debug_info    0x0000000000008129      0x48c bin/obj/ext.o
 .debug_info    0x00000000000085b5      0x7fd bin/obj/gpt.o
 .debug_info    0x0000000000008db2      0xb23 bin/obj/i2c.o
 .debug_info    0x00000000000098d5      0xefb bin/obj/serial.o
 .debug_info    0x000000000000a7d0      0xffb bin/obj/spi.o
 .debug_info    0x000000000000b7cb      0x2df bin/obj/tm.o
 .debug_info    0x000000000000baaa      0x7c0 bin/obj/stm32_dma.o
 .debug_info    0x000000000000c26a      0x39d bin/obj/hal_lld.o
 .debug_info    0x000000000000c607      0xbc0 bin/obj/adc_lld.o
 .debug_info    0x000000000000d1c7      0x842 bin/obj/ext_lld_isr.o
 .debug_info    0x000000000000da09      0x43d bin/obj/ext_lld.o
 .debug_info    0x000000000000de46      0x39f bin/obj/pal_lld.o
 .debug_info    0x000000000000e1e5     0x1465 bin/obj/i2c_lld.o
 .debug_info    0x000000000000f64a      0xc15 bin/obj/spi_lld.o
 .debug_info    0x000000000001025f      0x71b bin/obj/gpt_lld.o
 .debug_info    0x000000000001097a      0xeaf bin/obj/serial_lld.o
 .debug_info    0x0000000000011829      0x227 bin/obj/board.o
 .debug_info    0x0000000000011a50      0x5f0 bin/obj/chprintf.o
 .debug_info    0x0000000000012040     0x1ced bin/obj/vexshell.o
 .debug_info    0x0000000000013d2d     0x1972 bin/obj/vexcortex.o
 .debug_info    0x000000000001569f      0x659 bin/obj/vexdigital.o
 .debug_info    0x0000000000015cf8      0x63f bin/obj/vexconfig.o
 .debug_info    0x0000000000016337      0x3b4 bin/obj/vexext.o
 .debug_info    0x00000000000166eb      0xf3c bin/obj/vexencoder.o
 .debug_info    0x0000000000017627     0x1189 bin/obj/vexsonar.o
 .debug_info    0x00000000000187b0     0x12b5 bin/obj/vexmotor.o
 .debug_info    0x0000000000019a65     0x1607 bin/obj/vexspi.o
 .debug_info    0x000000000001b06c     0x1595 bin/obj/vexlcd.o
 .debug_info    0x000000000001c601      0xb4e bin/obj/vexanalog.o
 .debug_info    0x000000000001d14f      0x4fa bin/obj/vexctl.o
 .debug_info    0x000000000001d649     0x1ded bin/obj/vexime.o
 .debug_info    0x000000000001f436     0x16c4 bin/obj/vexprintf.o